<html>
<body>
<pre>
<h1>µVision Build Log</h1>
<h2>Tool Versions:</h2>
IDE-Version: ¦ÌVision V5.39.0.0
Copyright (C) 2023 ARM Ltd and ARM Germany GmbH. All rights reserved.
License Information: Hasee,   , LIC=RC93N-YVMDY-Z94G9-4LE9G-EKBDM-27B9V
 
Tool Versions:
Toolchain:       MDK-ARM Plus  Version: 5.39.0.0
Toolchain Path:  D:\app\keil stm32\ARM\ARMCLANG\Bin
C Compiler:      ArmClang.exe V6.21
Assembler:       Armasm.exe V6.21
Linker/Locator:  ArmLink.exe V6.21
Library Manager: ArmAr.exe V6.21
Hex Converter:   FromElf.exe V6.21
CPU DLL:         SARMCM3.DLL V5.39.0.0
Dialog DLL:      DCM.DLL V1.17.5.0
Target DLL:      CMSIS_AGDI.dll V1.33.16.0
Dialog DLL:      TCM.DLL V1.56.4.0
 
<h2>Project:</h2>
D:\app\STM32_Project\F407VET6_Leg_Wheel_Robot\MDK-ARM\F407VET6_Leg_Wheel_Robot.uvprojx
Project File Date:  02/19/2025

<h2>Output:</h2>
*** Using Compiler 'V6.21', folder: 'D:\app\keil stm32\ARM\ARMCLANG\Bin'
Build target 'F407VET6_Leg_Wheel_Robot'
compiling BMI088driver.c...
compiling balance_chair_task.c...
linking...
Program Size: Code=36560 RO-data=2680 RW-data=340 ZI-data=21580  
FromELF: creating hex file...
"F407VET6_Leg_Wheel_Robot\F407VET6_Leg_Wheel_Robot.axf" - 0 Error(s), 0 Warning(s).

<h2>Software Packages used:</h2>

Package Vendor: ARM
                http://www.keil.com/pack/ARM.CMSIS.5.9.0.pack
                ARM::CMSIS@5.9.0
                CMSIS (Common Microcontroller Software Interface Standard)
   * Component: CORE Version: 5.6.0

Package Vendor: Keil
                https://www.keil.com/pack/Keil.STM32F4xx_DFP.2.17.1.pack
                Keil::STM32F4xx_DFP@2.17.1
                STMicroelectronics STM32F4 Series Device Support, Drivers and Examples

<h2>Collection of Component include folders:</h2>
  ./RTE/_F407VET6_Leg_Wheel_Robot
  D:/app/keil stm32/pack/ARM/CMSIS/5.9.0/CMSIS/Core/Include
  D:/app/keil stm32/pack/STM32F4xx.DFP/Drivers/CMSIS/Device/ST/STM32F4xx/Include

<h2>Collection of Component Files used:</h2>

   * Component: ARM::CMSIS:CORE@5.6.0
      Include file:  CMSIS/Core/Include/tz_context.h
Build Time Elapsed:  00:00:01
</pre>
</body>
</html>
