Component: Arm Compiler for Embedded 6.21 Tool: armlink [5ec1fa00]

==============================================================================

Section Cross References

    startup_stm32f407xx.o(RESET) refers to startup_stm32f407xx.o(STACK) for __initial_sp
    startup_stm32f407xx.o(RESET) refers to startup_stm32f407xx.o(.text) for Reset_Handler
    startup_stm32f407xx.o(RESET) refers to stm32f4xx_it.o(.text.NMI_Handler) for NMI_Handler
    startup_stm32f407xx.o(RESET) refers to stm32f4xx_it.o(.text.HardFault_Handler) for HardFault_Handler
    startup_stm32f407xx.o(RESET) refers to stm32f4xx_it.o(.text.MemManage_Handler) for MemManage_Handler
    startup_stm32f407xx.o(RESET) refers to stm32f4xx_it.o(.text.BusFault_Handler) for BusFault_Handler
    startup_stm32f407xx.o(RESET) refers to stm32f4xx_it.o(.text.UsageFault_Handler) for UsageFault_Handler
    startup_stm32f407xx.o(RESET) refers to port.o(.text.SVC_Handler) for SVC_Handler
    startup_stm32f407xx.o(RESET) refers to stm32f4xx_it.o(.text.DebugMon_Handler) for DebugMon_Handler
    startup_stm32f407xx.o(RESET) refers to port.o(.text.PendSV_Handler) for PendSV_Handler
    startup_stm32f407xx.o(RESET) refers to port.o(.text.SysTick_Handler) for SysTick_Handler
    startup_stm32f407xx.o(RESET) refers to stm32f4xx_it.o(.text.DMA1_Stream2_IRQHandler) for DMA1_Stream2_IRQHandler
    startup_stm32f407xx.o(RESET) refers to stm32f4xx_it.o(.text.DMA1_Stream4_IRQHandler) for DMA1_Stream4_IRQHandler
    startup_stm32f407xx.o(RESET) refers to stm32f4xx_it.o(.text.CAN1_RX0_IRQHandler) for CAN1_RX0_IRQHandler
    startup_stm32f407xx.o(RESET) refers to stm32f4xx_it.o(.text.CAN1_RX1_IRQHandler) for CAN1_RX1_IRQHandler
    startup_stm32f407xx.o(RESET) refers to stm32f4xx_it.o(.text.TIM3_IRQHandler) for TIM3_IRQHandler
    startup_stm32f407xx.o(RESET) refers to stm32f4xx_it.o(.text.USART1_IRQHandler) for USART1_IRQHandler
    startup_stm32f407xx.o(RESET) refers to stm32f4xx_it.o(.text.UART4_IRQHandler) for UART4_IRQHandler
    startup_stm32f407xx.o(RESET) refers to stm32f4xx_it.o(.text.DMA2_Stream1_IRQHandler) for DMA2_Stream1_IRQHandler
    startup_stm32f407xx.o(RESET) refers to stm32f4xx_it.o(.text.DMA2_Stream2_IRQHandler) for DMA2_Stream2_IRQHandler
    startup_stm32f407xx.o(RESET) refers to stm32f4xx_it.o(.text.CAN2_RX0_IRQHandler) for CAN2_RX0_IRQHandler
    startup_stm32f407xx.o(RESET) refers to stm32f4xx_it.o(.text.CAN2_RX1_IRQHandler) for CAN2_RX1_IRQHandler
    startup_stm32f407xx.o(RESET) refers to stm32f4xx_it.o(.text.DMA2_Stream7_IRQHandler) for DMA2_Stream7_IRQHandler
    startup_stm32f407xx.o(RESET) refers to stm32f4xx_it.o(.text.USART6_IRQHandler) for USART6_IRQHandler
    startup_stm32f407xx.o(.text) refers to system_stm32f4xx.o(.text.SystemInit) for SystemInit
    startup_stm32f407xx.o(.text) refers to entry.o(.ARM.Collect$$$$00000000) for __main
    main.o(.text.main) refers to stm32f4xx_hal.o(.text.HAL_Init) for HAL_Init
    main.o(.text.main) refers to main.o(.text.SystemClock_Config) for SystemClock_Config
    main.o(.text.main) refers to gpio.o(.text.MX_GPIO_Init) for MX_GPIO_Init
    main.o(.text.main) refers to dma.o(.text.MX_DMA_Init) for MX_DMA_Init
    main.o(.text.main) refers to can.o(.text.MX_CAN1_Init) for MX_CAN1_Init
    main.o(.text.main) refers to can.o(.text.MX_CAN2_Init) for MX_CAN2_Init
    main.o(.text.main) refers to spi.o(.text.MX_SPI2_Init) for MX_SPI2_Init
    main.o(.text.main) refers to tim.o(.text.MX_TIM2_Init) for MX_TIM2_Init
    main.o(.text.main) refers to usart.o(.text.MX_UART4_Init) for MX_UART4_Init
    main.o(.text.main) refers to usart.o(.text.MX_UART5_Init) for MX_UART5_Init
    main.o(.text.main) refers to usart.o(.text.MX_USART1_UART_Init) for MX_USART1_UART_Init
    main.o(.text.main) refers to usart.o(.text.MX_USART2_UART_Init) for MX_USART2_UART_Init
    main.o(.text.main) refers to usart.o(.text.MX_USART6_UART_Init) for MX_USART6_UART_Init
    main.o(.text.main) refers to can_receive.o(.text.CAN_Init) for CAN_Init
    main.o(.text.main) refers to usart_rc_dbus.o(.text.RC_init) for RC_init
    main.o(.text.main) refers to bsp_dwt.o(.text.DWT_Init) for DWT_Init
    main.o(.text.main) refers to spi.o(.bss.hspi2) for hspi2
    main.o(.text.main) refers to bmi088driver.o(.text.BMI088_init) for BMI088_init
    main.o(.text.main) refers to stm32f4xx_hal_gpio.o(.text.HAL_GPIO_TogglePin) for HAL_GPIO_TogglePin
    main.o(.text.main) refers to freertos.o(.text.MX_FREERTOS_Init) for MX_FREERTOS_Init
    main.o(.text.main) refers to cmsis_os.o(.text.osKernelStart) for osKernelStart
    main.o(.ARM.exidx.text.main) refers to main.o(.text.main) for [Anonymous Symbol]
    main.o(.text.SystemClock_Config) refers to stm32f4xx_hal_rcc.o(.text.HAL_RCC_OscConfig) for HAL_RCC_OscConfig
    main.o(.text.SystemClock_Config) refers to stm32f4xx_hal_rcc.o(.text.HAL_RCC_ClockConfig) for HAL_RCC_ClockConfig
    main.o(.ARM.exidx.text.SystemClock_Config) refers to main.o(.text.SystemClock_Config) for [Anonymous Symbol]
[...]
    pxReadyTasksLists                        0x20000e20   Data         140  tasks.o(.bss.pxReadyTasksLists)
    [Anonymous Symbol]                       0x20000e20   Section        0  tasks.o(.bss.pxReadyTasksLists)
    ucHeap                                   0x20000eac   Data       15360  heap_4.o(.bss.ucHeap)
    [Anonymous Symbol]                       0x20000eac   Section        0  heap_4.o(.bss.ucHeap)
    xIdleStack                               0x20004d48   Data         512  freertos.o(.bss.xIdleStack)
    [Anonymous Symbol]                       0x20004d48   Section        0  freertos.o(.bss.xIdleStack)
    xIdleTaskTCBBuffer                       0x20004f48   Data          84  freertos.o(.bss.xIdleTaskTCBBuffer)
    [Anonymous Symbol]                       0x20004f48   Section        0  freertos.o(.bss.xIdleTaskTCBBuffer)
    HEAP                                     0x20004fa0   Section      512  startup_stm32f407xx.o(HEAP)
    STACK                                    0x200051a0   Section     1024  startup_stm32f407xx.o(STACK)

    Global Symbols

    Symbol Name                              Value     Ov Type        Size  Object(Section)

    BuildAttributes$$THM_ISAv4$E$P$D$K$B$S$7EM$VFPi3$EXTD16$VFPS$VFMA$PE$A:L22UL41UL21$X:L11$S22US41US21$IEEE1$IW$~IW$USESV6$~STKCKD$USESV7$~SHL$OTIME$ROPI$IEEEX$EBA8$MICROLIB$REQ8$PRES8$EABIv2 0x00000000   Number         0  anon$$obj.o ABSOLUTE
    __cpp_initialize__aeabi_                  - Undefined Weak Reference
    __cxa_finalize                            - Undefined Weak Reference
    _clock_init                               - Undefined Weak Reference
    _microlib_exit                            - Undefined Weak Reference
    __Vectors_Size                           0x00000188   Number         0  startup_stm32f407xx.o ABSOLUTE
    __Vectors                                0x08000000   Data           4  startup_stm32f407xx.o(RESET)
    __Vectors_End                            0x08000188   Data           0  startup_stm32f407xx.o(RESET)
    __main                                   0x08000189   Thumb Code     0  entry.o(.ARM.Collect$$$$00000000)
    _main_stk                                0x08000189   Thumb Code     0  entry2.o(.ARM.Collect$$$$00000001)
    _main_scatterload                        0x0800018d   Thumb Code     0  entry5.o(.ARM.Collect$$$$00000004)
    __main_after_scatterload                 0x08000191   Thumb Code     0  entry5.o(.ARM.Collect$$$$00000004)
    _main_clock                              0x08000191   Thumb Code     0  entry7b.o(.ARM.Collect$$$$00000008)
    _main_cpp_init                           0x08000191   Thumb Code     0  entry8b.o(.ARM.Collect$$$$0000000A)
    _main_init                               0x08000191   Thumb Code     0  entry9a.o(.ARM.Collect$$$$0000000B)
    __rt_final_cpp                           0x08000199   Thumb Code     0  entry10a.o(.ARM.Collect$$$$0000000D)
    __rt_final_exit                          0x08000199   Thumb Code     0  entry11a.o(.ARM.Collect$$$$0000000F)
    Reset_Handler                            0x0800019d   Thumb Code     8  startup_stm32f407xx.o(.text)
    ADC_IRQHandler                           0x080001b7   Thumb Code     0  startup_stm32f407xx.o(.text)
    CAN1_SCE_IRQHandler                      0x080001b7   Thumb Code     0  startup_stm32f407xx.o(.text)
    CAN1_TX_IRQHandler                       0x080001b7   Thumb Code     0  startup_stm32f407xx.o(.text)
    CAN2_SCE_IRQHandler                      0x080001b7   Thumb Code     0  startup_stm32f407xx.o(.text)
    CAN2_TX_IRQHandler                       0x080001b7   Thumb Code     0  startup_stm32f407xx.o(.text)
    DCMI_IRQHandler                          0x080001b7   Thumb Code     0  startup_stm32f407xx.o(.text)
    DMA1_Stream0_IRQHandler                  0x080001b7   Thumb Code     0  startup_stm32f407xx.o(.text)
    DMA1_Stream1_IRQHandler                  0x080001b7   Thumb Code     0  startup_stm32f407xx.o(.text)
    DMA1_Stream3_IRQHandler                  0x080001b7   Thumb Code     0  startup_stm32f407xx.o(.text)
    DMA1_Stream5_IRQHandler                  0x080001b7   Thumb Code     0  startup_stm32f407xx.o(.text)
    DMA1_Stream6_IRQHandler                  0x080001b7   Thumb Code     0  startup_stm32f407xx.o(.text)
    DMA1_Stream7_IRQHandler                  0x080001b7   Thumb Code     0  startup_stm32f407xx.o(.text)
    DMA2_Stream0_IRQHandler                  0x080001b7   Thumb Code     0  startup_stm32f407xx.o(.text)
    DMA2_Stream3_IRQHandler                  0x080001b7   Thumb Code     0  startup_stm32f407xx.o(.text)
    DMA2_Stream4_IRQHandler                  0x080001b7   Thumb Code     0  startup_stm32f407xx.o(.text)
    DMA2_Stream5_IRQHandler                  0x080001b7   Thumb Code     0  startup_stm32f407xx.o(.text)
    DMA2_Stream6_IRQHandler                  0x080001b7   Thumb Code     0  startup_stm32f407xx.o(.text)
    ETH_IRQHandler                           0x080001b7   Thumb Code     0  startup_stm32f407xx.o(.text)
    ETH_WKUP_IRQHandler                      0x080001b7   Thumb Code     0  startup_stm32f407xx.o(.text)
    EXTI0_IRQHandler                         0x080001b7   Thumb Code     0  startup_stm32f407xx.o(.text)
    EXTI15_10_IRQHandler                     0x080001b7   Thumb Code     0  startup_stm32f407xx.o(.text)
    EXTI1_IRQHandler                         0x080001b7   Thumb Code     0  startup_stm32f407xx.o(.text)
    EXTI2_IRQHandler                         0x080001b7   Thumb Code     0  startup_stm32f407xx.o(.text)
    EXTI3_IRQHandler                         0x080001b7   Thumb Code     0  startup_stm32f407xx.o(.text)
    EXTI4_IRQHandler                         0x080001b7   Thumb Code     0  startup_stm32f407xx.o(.text)
    EXTI9_5_IRQHandler                       0x080001b7   Thumb Code     0  startup_stm32f407xx.o(.text)
    FLASH_IRQHandler                         0x080001b7   Thumb Code     0  startup_stm32f407xx.o(.text)
    FMC_IRQHandler                           0x080001b7   Thumb Code     0  startup_stm32f407xx.o(.text)
    FPU_IRQHandler                           0x080001b7   Thumb Code     0  startup_stm32f407xx.o(.text)
    HASH_RNG_IRQHandler                      0x080001b7   Thumb Code     0  startup_stm32f407xx.o(.text)
    I2C1_ER_IRQHandler                       0x080001b7   Thumb Code     0  startup_stm32f407xx.o(.text)
    I2C1_EV_IRQHandler                       0x080001b7   Thumb Code     0  startup_stm32f407xx.o(.text)
    I2C2_ER_IRQHandler                       0x080001b7   Thumb Code     0  startup_stm32f407xx.o(.text)
    I2C2_EV_IRQHandler                       0x080001b7   Thumb Code     0  startup_stm32f407xx.o(.text)
    I2C3_ER_IRQHandler                       0x080001b7   Thumb Code     0  startup_stm32f407xx.o(.text)
    I2C3_EV_IRQHandler                       0x080001b7   Thumb Code     0  startup_stm32f407xx.o(.text)
    OTG_FS_IRQHandler                        0x080001b7   Thumb Code     0  startup_stm32f407xx.o(.text)
    OTG_FS_WKUP_IRQHandler                   0x080001b7   Thumb Code     0  startup_stm32f407xx.o(.text)
    OTG_HS_EP1_IN_IRQHandler                 0x080001b7   Thumb Code     0  startup_stm32f407xx.o(.text)
    OTG_HS_EP1_OUT_IRQHandler                0x080001b7   Thumb Code     0  startup_stm32f407xx.o(.text)
    OTG_HS_IRQHandler                        0x080001b7   Thumb Code     0  startup_stm32f407xx.o(.text)
    OTG_HS_WKUP_IRQHandler                   0x080001b7   Thumb Code     0  startup_stm32f407xx.o(.text)
    PVD_IRQHandler                           0x080001b7   Thumb Code     0  startup_stm32f407xx.o(.text)
    RCC_IRQHandler                           0x080001b7   Thumb Code     0  startup_stm32f407xx.o(.text)
    RTC_Alarm_IRQHandler                     0x080001b7   Thumb Code     0  startup_stm32f407xx.o(.text)
    RTC_WKUP_IRQHandler                      0x080001b7   Thumb Code     0  startup_stm32f407xx.o(.text)
    SDIO_IRQHandler                          0x080001b7   Thumb Code     0  startup_stm32f407xx.o(.text)
    SPI1_IRQHandler                          0x080001b7   Thumb Code     0  startup_stm32f407xx.o(.text)
    SPI2_IRQHandler                          0x080001b7   Thumb Code     0  startup_stm32f407xx.o(.text)
    SPI3_IRQHandler                          0x080001b7   Thumb Code     0  startup_stm32f407xx.o(.text)
    TAMP_STAMP_IRQHandler                    0x080001b7   Thumb Code     0  startup_stm32f407xx.o(.text)
    TIM1_BRK_TIM9_IRQHandler                 0x080001b7   Thumb Code     0  startup_stm32f407xx.o(.text)
    TIM1_CC_IRQHandler                       0x080001b7   Thumb Code     0  startup_stm32f407xx.o(.text)
    TIM1_TRG_COM_TIM11_IRQHandler            0x080001b7   Thumb Code     0  startup_stm32f407xx.o(.text)
    TIM1_UP_TIM10_IRQHandler                 0x080001b7   Thumb Code     0  startup_stm32f407xx.o(.text)
    TIM2_IRQHandler                          0x080001b7   Thumb Code     0  startup_stm32f407xx.o(.text)
    TIM4_IRQHandler                          0x080001b7   Thumb Code     0  startup_stm32f407xx.o(.text)
    TIM5_IRQHandler                          0x080001b7   Thumb Code     0  startup_stm32f407xx.o(.text)
    TIM6_DAC_IRQHandler                      0x080001b7   Thumb Code     0  startup_stm32f407xx.o(.text)
    TIM7_IRQHandler                          0x080001b7   Thumb Code     0  startup_stm32f407xx.o(.text)
    TIM8_BRK_TIM12_IRQHandler                0x080001b7   Thumb Code     0  startup_stm32f407xx.o(.text)
    TIM8_CC_IRQHandler                       0x080001b7   Thumb Code     0  startup_stm32f407xx.o(.text)
    TIM8_TRG_COM_TIM14_IRQHandler            0x080001b7   Thumb Code     0  startup_stm32f407xx.o(.text)
    TIM8_UP_TIM13_IRQHandler                 0x080001b7   Thumb Code     0  startup_stm32f407xx.o(.text)
    UART5_IRQHandler                         0x080001b7   Thumb Code     0  startup_stm32f407xx.o(.text)
    USART2_IRQHandler                        0x080001b7   Thumb Code     0  startup_stm32f407xx.o(.text)
    USART3_IRQHandler                        0x080001b7   Thumb Code     0  startup_stm32f407xx.o(.text)
    WWDG_IRQHandler                          0x080001b7   Thumb Code     0  startup_stm32f407xx.o(.text)
    __aeabi_uldivmod                         0x080001c1   Thumb Code    98  uldiv.o(.text)
    __aeabi_memcpy                           0x08000223   Thumb Code    36  memcpya.o(.text)
    __aeabi_memcpy4                          0x08000223   Thumb Code     0  memcpya.o(.text)
    __aeabi_memcpy8                          0x08000223   Thumb Code     0  memcpya.o(.text)
    __aeabi_memset                           0x08000247   Thumb Code    14  memseta.o(.text)
    __aeabi_memset4                          0x08000247   Thumb Code     0  memseta.o(.text)
    __aeabi_memset8                          0x08000247   Thumb Code     0  memseta.o(.text)
    __aeabi_memclr                           0x08000255   Thumb Code     4  memseta.o(.text)
    __aeabi_memclr4                          0x08000255   Thumb Code     0  memseta.o(.text)
    __aeabi_memclr8                          0x08000255   Thumb Code     0  memseta.o(.text)
    _memset$wrapper                          0x08000259   Thumb Code    18  memseta.o(.text)
    calloc                                   0x0800026b   Thumb Code    28  calloc.o(.text)
    __aeabi_dadd                             0x08000287   Thumb Code   322  dadd.o(.text)
    __aeabi_dsub                             0x080003c9   Thumb Code     6  dadd.o(.text)
    __aeabi_drsub                            0x080003cf   Thumb Code     6  dadd.o(.text)
    __aeabi_dmul                             0x080003d5   Thumb Code   228  dmul.o(.text)
    __aeabi_ddiv                             0x080004b9   Thumb Code   222  ddiv.o(.text)
    __aeabi_ui2d                             0x08000597   Thumb Code    26  dfltui.o(.text)
    __aeabi_f2d                              0x080005b1   Thumb Code    38  f2d.o(.text)
    __aeabi_d2f                              0x080005d7   Thumb Code    56  d2f.o(.text)
    __aeabi_llsl                             0x0800060f   Thumb Code    30  llshl.o(.text)
    _ll_shift_l                              0x0800060f   Thumb Code     0  llshl.o(.text)
    __aeabi_llsr                             0x0800062d   Thumb Code    32  llushr.o(.text)
    _ll_ushift_r                             0x0800062d   Thumb Code     0  llushr.o(.text)
    __aeabi_lasr                             0x0800064d   Thumb Code    36  llsshr.o(.text)
    _ll_sshift_r                             0x0800064d   Thumb Code     0  llsshr.o(.text)
    __I$use$fp                               0x08000671   Thumb Code     0  iusefp.o(.text)
    _float_round                             0x08000671   Thumb Code    18  fepilogue.o(.text)
    _float_epilogue                          0x08000683   Thumb Code    92  fepilogue.o(.text)
    _double_round                            0x080006df   Thumb Code    30  depilogue.o(.text)
    _double_epilogue                         0x080006fd   Thumb Code   156  depilogue.o(.text)
    _dsqrt                                   0x08000799   Thumb Code   162  dsqrt.o(.text)
    __scatterload                            0x0800083d   Thumb Code    38  init.o(.text)
    __scatterload_rt2                        0x0800083d   Thumb Code     0  init.o(.text)
    __decompress                             0x0800086d   Thumb Code     0  __dczerorl2.o(.text)
    __decompress1                            0x0800086d   Thumb Code    86  __dczerorl2.o(.text)
    BALANCE_Chair                            0x080008c5   Thumb Code    12  freertos.o(.text.BALANCE_Chair)
    BMI088_ACCEL_NS_H                        0x080008d1   Thumb Code    18  bmi088middleware.o(.text.BMI088_ACCEL_NS_H)
    BMI088_ACCEL_NS_L                        0x080008e5   Thumb Code    18  bmi088middleware.o(.text.BMI088_ACCEL_NS_L)
    BMI088_GYRO_NS_H                         0x080008f9   Thumb Code    18  bmi088middleware.o(.text.BMI088_GYRO_NS_H)
    BMI088_GYRO_NS_L                         0x0800090d   Thumb Code    18  bmi088middleware.o(.text.BMI088_GYRO_NS_L)
    BMI088_Read                              0x08000921   Thumb Code   546  bmi088driver.o(.text.BMI088_Read)
    BMI088_init                              0x08000b45   Thumb Code  1632  bmi088driver.o(.text.BMI088_init)
    BMI088_read_write_byte                   0x080011b1   Thumb Code    50  bmi088middleware.o(.text.BMI088_read_write_byte)
    BM_ctrl_mode_joint_set                   0x080011e5   Thumb Code    52  bm_ctrl.o(.text.BM_ctrl_mode_joint_set)
    BM_motor_ctrl                            0x08001219   Thumb Code    86  bm_ctrl.o(.text.BM_motor_ctrl)
    BusFault_Handler                         0x08001271   Thumb Code     2  stm32f4xx_it.o(.text.BusFault_Handler)
    CAN1_RX0_IRQHandler                      0x08001275   Thumb Code    12  stm32f4xx_it.o(.text.CAN1_RX0_IRQHandler)
    CAN1_RX1_IRQHandler                      0x08001281   Thumb Code    12  stm32f4xx_it.o(.text.CAN1_RX1_IRQHandler)
    CAN2_RX0_IRQHandler                      0x0800128d   Thumb Code    12  stm32f4xx_it.o(.text.CAN2_RX0_IRQHandler)
    CAN2_RX1_IRQHandler                      0x08001299   Thumb Code    12  stm32f4xx_it.o(.text.CAN2_RX1_IRQHandler)
    CAN_Init                                 0x080012a5   Thumb Code   122  can_receive.o(.text.CAN_Init)
    CAN_rx_BM_joint_Data                     0x08001321   Thumb Code   224  bm_ctrl.o(.text.CAN_rx_BM_joint_Data)
    CAN_rx_BM_wheel_Data                     0x08001439   Thumb Code   200  bm_ctrl.o(.text.CAN_rx_BM_wheel_Data)
    DMA1_Stream2_IRQHandler                  0x08001535   Thumb Code    12  stm32f4xx_it.o(.text.DMA1_Stream2_IRQHandler)
    DMA1_Stream4_IRQHandler                  0x08001541   Thumb Code    12  stm32f4xx_it.o(.text.DMA1_Stream4_IRQHandler)
    DMA2_Stream1_IRQHandler                  0x0800154d   Thumb Code    12  stm32f4xx_it.o(.text.DMA2_Stream1_IRQHandler)
    DMA2_Stream2_IRQHandler                  0x08001559   Thumb Code    12  stm32f4xx_it.o(.text.DMA2_Stream2_IRQHandler)
    DMA2_Stream7_IRQHandler                  0x08001565   Thumb Code    12  stm32f4xx_it.o(.text.DMA2_Stream7_IRQHandler)
    DRIVER_Task                              0x08001571   Thumb Code    12  freertos.o(.text.DRIVER_Task)
    DWT_Delay                                0x0800157d   Thumb Code   124  bsp_dwt.o(.text.DWT_Delay)
    DWT_GetDeltaT                            0x080015f9   Thumb Code    90  bsp_dwt.o(.text.DWT_GetDeltaT)
    DWT_GetTimeline_s                        0x08001655   Thumb Code   204  bsp_dwt.o(.text.DWT_GetTimeline_s)
    DWT_Init                                 0x08001729   Thumb Code   100  bsp_dwt.o(.text.DWT_Init)
    DebugMon_Handler                         0x0800178d   Thumb Code     2  stm32f4xx_it.o(.text.DebugMon_Handler)
    Driver_task                              0x08001791   Thumb Code   272  driver_task.o(.text.Driver_task)
    Error_Handler                            0x080018c1   Thumb Code     6  main.o(.text.Error_Handler)
    HAL_CAN_ActivateNotification             0x080018c9   Thumb Code    46  stm32f4xx_hal_can.o(.text.HAL_CAN_ActivateNotification)
    HAL_CAN_AddTxMessage                     0x080018f9   Thumb Code   168  stm32f4xx_hal_can.o(.text.HAL_CAN_AddTxMessage)
    HAL_CAN_ConfigFilter                     0x080019a1   Thumb Code   222  stm32f4xx_hal_can.o(.text.HAL_CAN_ConfigFilter)
    HAL_CAN_ErrorCallback                    0x08001a81   Thumb Code     2  stm32f4xx_hal_can.o(.text.HAL_CAN_ErrorCallback)
    HAL_CAN_GetRxMessage                     0x08001a85   Thumb Code   298  stm32f4xx_hal_can.o(.text.HAL_CAN_GetRxMessage)
    HAL_CAN_IRQHandler                       0x08001bb1   Thumb Code   606  stm32f4xx_hal_can.o(.text.HAL_CAN_IRQHandler)
    HAL_CAN_Init                             0x08001e11   Thumb Code   244  stm32f4xx_hal_can.o(.text.HAL_CAN_Init)
    HAL_CAN_MspInit                          0x08001f05   Thumb Code   308  can.o(.text.HAL_CAN_MspInit)
    HAL_CAN_RxFifo0FullCallback              0x08002039   Thumb Code     2  stm32f4xx_hal_can.o(.text.HAL_CAN_RxFifo0FullCallback)
    HAL_CAN_RxFifo0MsgPendingCallback        0x0800203d   Thumb Code   116  can_receive.o(.text.HAL_CAN_RxFifo0MsgPendingCallback)
    HAL_CAN_RxFifo1FullCallback              0x080020b1   Thumb Code     2  stm32f4xx_hal_can.o(.text.HAL_CAN_RxFifo1FullCallback)
    HAL_CAN_RxFifo1MsgPendingCallback        0x080020b5   Thumb Code   120  can_receive.o(.text.HAL_CAN_RxFifo1MsgPendingCallback)
    HAL_CAN_SleepCallback                    0x0800212d   Thumb Code     2  stm32f4xx_hal_can.o(.text.HAL_CAN_SleepCallback)
    HAL_CAN_Start                            0x08002131   Thumb Code    90  stm32f4xx_hal_can.o(.text.HAL_CAN_Start)
    HAL_CAN_TxMailbox0AbortCallback          0x0800218d   Thumb Code     2  stm32f4xx_hal_can.o(.text.HAL_CAN_TxMailbox0AbortCallback)
    HAL_CAN_TxMailbox0CompleteCallback       0x08002191   Thumb Code     2  stm32f4xx_hal_can.o(.text.HAL_CAN_TxMailbox0CompleteCallback)
    HAL_CAN_TxMailbox1AbortCallback          0x08002195   Thumb Code     2  stm32f4xx_hal_can.o(.text.HAL_CAN_TxMailbox1AbortCallback)
    HAL_CAN_TxMailbox1CompleteCallback       0x08002199   Thumb Code     2  stm32f4xx_hal_can.o(.text.HAL_CAN_TxMailbox1CompleteCallback)
    HAL_CAN_TxMailbox2AbortCallback          0x0800219d   Thumb Code     2  stm32f4xx_hal_can.o(.text.HAL_CAN_TxMailbox2AbortCallback)
    HAL_CAN_TxMailbox2CompleteCallback       0x080021a1   Thumb Code     2  stm32f4xx_hal_can.o(.text.HAL_CAN_TxMailbox2CompleteCallback)
    HAL_CAN_WakeUpFromRxMsgCallback          0x080021a5   Thumb Code     2  stm32f4xx_hal_can.o(.text.HAL_CAN_WakeUpFromRxMsgCallback)
    HAL_DMAEx_MultiBufferStart               0x080021a9   Thumb Code   114  stm32f4xx_hal_dma_ex.o(.text.HAL_DMAEx_MultiBufferStart)
    HAL_DMA_Abort                            0x0800221d   Thumb Code   142  stm32f4xx_hal_dma.o(.text.HAL_DMA_Abort)
    HAL_DMA_Abort_IT                         0x080022ad   Thumb Code    36  stm32f4xx_hal_dma.o(.text.HAL_DMA_Abort_IT)
    HAL_DMA_IRQHandler                       0x080022d1   Thumb Code   448  stm32f4xx_hal_dma.o(.text.HAL_DMA_IRQHandler)
    HAL_DMA_Init                             0x08002491   Thumb Code   354  stm32f4xx_hal_dma.o(.text.HAL_DMA_Init)
    HAL_Delay                                0x080025f5   Thumb Code    40  stm32f4xx_hal.o(.text.HAL_Delay)
    HAL_GPIO_Init                            0x0800261d   Thumb Code   414  stm32f4xx_hal_gpio.o(.text.HAL_GPIO_Init)
    HAL_GPIO_TogglePin                       0x080027bd   Thumb Code    16  stm32f4xx_hal_gpio.o(.text.HAL_GPIO_TogglePin)
    HAL_GPIO_WritePin                        0x080027cd   Thumb Code    10  stm32f4xx_hal_gpio.o(.text.HAL_GPIO_WritePin)
    HAL_GetTick                              0x080027d9   Thumb Code    12  stm32f4xx_hal.o(.text.HAL_GetTick)
    HAL_IncTick                              0x080027e5   Thumb Code    26  stm32f4xx_hal.o(.text.HAL_IncTick)
    HAL_Init                                 0x08002801   Thumb Code    54  stm32f4xx_hal.o(.text.HAL_Init)
    HAL_InitTick                             0x08002839   Thumb Code   188  stm32f4xx_hal_timebase_tim.o(.text.HAL_InitTick)
    HAL_MspInit                              0x080028f5   Thumb Code    66  stm32f4xx_hal_msp.o(.text.HAL_MspInit)
    HAL_NVIC_EnableIRQ                       0x08002939   Thumb Code    34  stm32f4xx_hal_cortex.o(.text.HAL_NVIC_EnableIRQ)
    HAL_NVIC_SetPriority                     0x0800295d   Thumb Code    86  stm32f4xx_hal_cortex.o(.text.HAL_NVIC_SetPriority)
    HAL_NVIC_SetPriorityGrouping             0x080029b5   Thumb Code    32  stm32f4xx_hal_cortex.o(.text.HAL_NVIC_SetPriorityGrouping)
    HAL_RCC_ClockConfig                      0x080029d5   Thumb Code   356  stm32f4xx_hal_rcc.o(.text.HAL_RCC_ClockConfig)
    HAL_RCC_GetClockConfig                   0x08002b39   Thumb Code    62  stm32f4xx_hal_rcc.o(.text.HAL_RCC_GetClockConfig)
    HAL_RCC_GetPCLK1Freq                     0x08002b79   Thumb Code    38  stm32f4xx_hal_rcc.o(.text.HAL_RCC_GetPCLK1Freq)
    HAL_RCC_GetPCLK2Freq                     0x08002ba1   Thumb Code    38  stm32f4xx_hal_rcc.o(.text.HAL_RCC_GetPCLK2Freq)
    HAL_RCC_GetSysClockFreq                  0x08002bc9   Thumb Code   106  stm32f4xx_hal_rcc.o(.text.HAL_RCC_GetSysClockFreq)
    HAL_RCC_OscConfig                        0x08002c35   Thumb Code   944  stm32f4xx_hal_rcc.o(.text.HAL_RCC_OscConfig)
    HAL_SPI_Init                             0x08002fe5   Thumb Code   180  stm32f4xx_hal_spi.o(.text.HAL_SPI_Init)
    HAL_SPI_MspInit                          0x08003099   Thumb Code   108  spi.o(.text.HAL_SPI_MspInit)
    HAL_SPI_TransmitReceive                  0x08003105   Thumb Code   846  stm32f4xx_hal_spi.o(.text.HAL_SPI_TransmitReceive)
    HAL_TIMEx_BreakCallback                  0x08003455   Thumb Code     2  stm32f4xx_hal_tim_ex.o(.text.HAL_TIMEx_BreakCallback)
    HAL_TIMEx_CommutCallback                 0x08003459   Thumb Code     2  stm32f4xx_hal_tim_ex.o(.text.HAL_TIMEx_CommutCallback)
    HAL_TIMEx_MasterConfigSynchronization    0x0800345d   Thumb Code   186  stm32f4xx_hal_tim_ex.o(.text.HAL_TIMEx_MasterConfigSynchronization)
    HAL_TIM_Base_Init                        0x08003519   Thumb Code    90  stm32f4xx_hal_tim.o(.text.HAL_TIM_Base_Init)
    HAL_TIM_Base_MspInit                     0x08003575   Thumb Code     2  stm32f4xx_hal_tim.o(.text.HAL_TIM_Base_MspInit)
    HAL_TIM_Base_Start_IT                    0x08003579   Thumb Code   170  stm32f4xx_hal_tim.o(.text.HAL_TIM_Base_Start_IT)
    HAL_TIM_IC_CaptureCallback               0x08003625   Thumb Code     2  stm32f4xx_hal_tim.o(.text.HAL_TIM_IC_CaptureCallback)
    HAL_TIM_IRQHandler                       0x08003629   Thumb Code   334  stm32f4xx_hal_tim.o(.text.HAL_TIM_IRQHandler)
    HAL_TIM_OC_ConfigChannel                 0x08003779   Thumb Code   436  stm32f4xx_hal_tim.o(.text.HAL_TIM_OC_ConfigChannel)
    HAL_TIM_OC_DelayElapsedCallback          0x0800392d   Thumb Code     2  stm32f4xx_hal_tim.o(.text.HAL_TIM_OC_DelayElapsedCallback)
    HAL_TIM_OC_Init                          0x08003931   Thumb Code    90  stm32f4xx_hal_tim.o(.text.HAL_TIM_OC_Init)
    HAL_TIM_OC_MspInit                       0x0800398d   Thumb Code    46  tim.o(.text.HAL_TIM_OC_MspInit)
    HAL_TIM_PWM_PulseFinishedCallback        0x080039bd   Thumb Code     2  stm32f4xx_hal_tim.o(.text.HAL_TIM_PWM_PulseFinishedCallback)
    HAL_TIM_PeriodElapsedCallback            0x080039c1   Thumb Code    20  main.o(.text.HAL_TIM_PeriodElapsedCallback)
    HAL_TIM_TriggerCallback                  0x080039d5   Thumb Code     2  stm32f4xx_hal_tim.o(.text.HAL_TIM_TriggerCallback)
    HAL_UARTEx_RxEventCallback               0x080039d9   Thumb Code   408  usart_rc_dbus.o(.text.HAL_UARTEx_RxEventCallback)
    HAL_UART_ErrorCallback                   0x08003b71   Thumb Code     2  stm32f4xx_hal_uart.o(.text.HAL_UART_ErrorCallback)
    HAL_UART_IRQHandler                      0x08003b75   Thumb Code  1392  stm32f4xx_hal_uart.o(.text.HAL_UART_IRQHandler)
    HAL_UART_Init                            0x080040e5   Thumb Code    96  stm32f4xx_hal_uart.o(.text.HAL_UART_Init)
    HAL_UART_MspInit                         0x08004145   Thumb Code   984  usart.o(.text.HAL_UART_MspInit)
    HAL_UART_RxCpltCallback                  0x0800451d   Thumb Code     2  stm32f4xx_hal_uart.o(.text.HAL_UART_RxCpltCallback)
    HAL_UART_TxCpltCallback                  0x08004521   Thumb Code     2  stm32f4xx_hal_uart.o(.text.HAL_UART_TxCpltCallback)
    HardFault_Handler                        0x08004525   Thumb Code     2  stm32f4xx_it.o(.text.HardFault_Handler)
    INS_Task                                 0x08004529   Thumb Code    12  freertos.o(.text.INS_Task)
    INS_task                                 0x08004535   Thumb Code   764  ins_task.o(.text.INS_task)
    Kalman_Filter_Init                       0x08004851   Thumb Code   754  kalman_filter.o(.text.Kalman_Filter_Init)
    Kalman_Filter_Measure                    0x08004b45   Thumb Code   516  kalman_filter.o(.text.Kalman_Filter_Measure)
    Kalman_Filter_SetK                       0x08004d49   Thumb Code   192  kalman_filter.o(.text.Kalman_Filter_SetK)
    Kalman_Filter_Update                     0x08004e09   Thumb Code   920  kalman_filter.o(.text.Kalman_Filter_Update)
    LEG_Left                                 0x080051a1   Thumb Code     8  freertos.o(.text.LEG_Left)
    LEG_Right                                0x080051a9   Thumb Code     8  freertos.o(.text.LEG_Right)
    LimitMax                                 0x080051b1   Thumb Code    40  function.o(.text.LimitMax)
    MX_CAN1_Init                             0x080051d9   Thumb Code    64  can.o(.text.MX_CAN1_Init)
    MX_CAN2_Init                             0x08005219   Thumb Code    64  can.o(.text.MX_CAN2_Init)
    MX_DMA_Init                              0x08005259   Thumb Code   140  dma.o(.text.MX_DMA_Init)
    MX_FREERTOS_Init                         0x080052e5   Thumb Code   264  freertos.o(.text.MX_FREERTOS_Init)
    MX_GPIO_Init                             0x08005479   Thumb Code   238  gpio.o(.text.MX_GPIO_Init)
    MX_SPI2_Init                             0x08005569   Thumb Code    82  spi.o(.text.MX_SPI2_Init)
    MX_TIM2_Init                             0x080055bd   Thumb Code   192  tim.o(.text.MX_TIM2_Init)
    MX_UART4_Init                            0x0800567d   Thumb Code    60  usart.o(.text.MX_UART4_Init)
    MX_UART5_Init                            0x080056b9   Thumb Code    60  usart.o(.text.MX_UART5_Init)
    MX_USART1_UART_Init                      0x080056f5   Thumb Code    60  usart.o(.text.MX_USART1_UART_Init)
    MX_USART2_UART_Init                      0x08005731   Thumb Code    60  usart.o(.text.MX_USART2_UART_Init)
    MX_USART6_UART_Init                      0x0800576d   Thumb Code    70  usart.o(.text.MX_USART6_UART_Init)
    MemManage_Handler                        0x080057b5   Thumb Code     2  stm32f4xx_it.o(.text.MemManage_Handler)
    NMI_Handler                              0x080057b9   Thumb Code     2  stm32f4xx_it.o(.text.NMI_Handler)
    Observe_Task                             0x080057bd   Thumb Code    12  freertos.o(.text.Observe_Task)
    Observe_task                             0x080057c9   Thumb Code   416  observe_task.o(.text.Observe_task)
    PID_calc                                 0x08005971   Thumb Code   130  pid.o(.text.PID_calc)
    PID_init                                 0x080059f5   Thumb Code    44  pid.o(.text.PID_init)
    PendSV_Handler                           0x08005a21   Thumb Code   100  port.o(.text.PendSV_Handler)
    RC_init                                  0x08005a85   Thumb Code    76  usart_rc_dbus.o(.text.RC_init)
    RotationMatrix_update                    0x08005ad1   Thumb Code   178  mahony_filter.o(.text.RotationMatrix_update)
    SVC_Handler                              0x08005cb1   Thumb Code    36  port.o(.text.SVC_Handler)
    StartDefaultTask                         0x08005cd5   Thumb Code     8  freertos.o(.text.StartDefaultTask)
    SysTick_Handler                          0x08005cdd   Thumb Code    46  port.o(.text.SysTick_Handler)
    SystemClock_Config                       0x08005d0d   Thumb Code   168  main.o(.text.SystemClock_Config)
    SystemInit                               0x08005db5   Thumb Code    18  system_stm32f4xx.o(.text.SystemInit)
    TIM3_IRQHandler                          0x08005dc9   Thumb Code    12  stm32f4xx_it.o(.text.TIM3_IRQHandler)
    TIM_Base_SetConfig                       0x08005dd5   Thumb Code   332  stm32f4xx_hal_tim.o(.text.TIM_Base_SetConfig)
    UART4_IRQHandler                         0x08005f21   Thumb Code    12  stm32f4xx_it.o(.text.UART4_IRQHandler)
    USART1_IRQHandler                        0x08006129   Thumb Code    12  stm32f4xx_it.o(.text.USART1_IRQHandler)
    USART6_IRQHandler                        0x08006135   Thumb Code    12  stm32f4xx_it.o(.text.USART6_IRQHandler)
    UsageFault_Handler                       0x08006141   Thumb Code     2  stm32f4xx_it.o(.text.UsageFault_Handler)
    VMC_calc_1_left                          0x08006145   Thumb Code   704  vmc_calc.o(.text.VMC_calc_1_left)
    VMC_calc_1_right                         0x08006409   Thumb Code   688  vmc_calc.o(.text.VMC_calc_1_right)
    VMC_calc_2                               0x080066bd   Thumb Code   354  vmc_calc.o(.text.VMC_calc_2)
    VMC_init                                 0x08006821   Thumb Code    28  vmc_calc.o(.text.VMC_init)
    arm_cos_f32                              0x0800683d   Thumb Code   160  arm_cos_f32.o(.text.arm_cos_f32)
    arm_mat_add_f32                          0x080068dd   Thumb Code   190  arm_mat_add_f32.o(.text.arm_mat_add_f32)
    arm_mat_init_f32                         0x0800699b   Thumb Code     8  arm_mat_init_f32.o(.text.arm_mat_init_f32)
    arm_mat_inverse_f32                      0x080069a5   Thumb Code   720  arm_mat_inverse_f32.o(.text.arm_mat_inverse_f32)
    arm_mat_mult_f32                         0x08006c75   Thumb Code   316  arm_mat_mult_f32.o(.text.arm_mat_mult_f32)
    arm_mat_sub_f32                          0x08006db1   Thumb Code   190  arm_mat_sub_f32.o(.text.arm_mat_sub_f32)
    arm_mat_trans_f32                        0x08006e71   Thumb Code   178  arm_mat_trans_f32.o(.text.arm_mat_trans_f32)
    arm_sin_f32                              0x08006f25   Thumb Code   152  arm_sin_f32.o(.text.arm_sin_f32)
    balance_chair_init                       0x08006fbd   Thumb Code   328  balance_chair_task.o(.text.balance_chair_init)
    balance_chair_task                       0x0800710d   Thumb Code  1386  balance_chair_task.o(.text.balance_chair_task)
    bmi088_accel_init                        0x08007679   Thumb Code   316  bmi088driver.o(.text.bmi088_accel_init)
    bmi088_gyro_init                         0x080077b5   Thumb Code   318  bmi088driver.o(.text.bmi088_gyro_init)
    mahony_init                              0x080078f5   Thumb Code    50  mahony_filter.o(.text.mahony_init)
    mahony_input                             0x08007929   Thumb Code     8  mahony_filter.o(.text.mahony_input)
    mahony_output                            0x08007931   Thumb Code    58  mahony_filter.o(.text.mahony_output)
    mahony_update                            0x0800796d   Thumb Code   454  mahony_filter.o(.text.mahony_update)
    main                                     0x08007b35   Thumb Code   130  main.o(.text.main)
    msp                                      0x08007bb9   Thumb Code   132  function.o(.text.msp)
    osDelay                                  0x08007c3d   Thumb Code    16  cmsis_os.o(.text.osDelay)
    osKernelStart                            0x08007c4d   Thumb Code    10  cmsis_os.o(.text.osKernelStart)
    osThreadCreate                           0x08007c59   Thumb Code    92  cmsis_os.o(.text.osThreadCreate)
    pvPortMalloc                             0x08007fb9   Thumb Code   500  heap_4.o(.text.pvPortMalloc)
    pxPortInitialiseStack                    0x080081ad   Thumb Code    36  port.o(.text.pxPortInitialiseStack)
    slope_following                          0x080081d1   Thumb Code    88  function.o(.text.slope_following)
    uxListRemove                             0x08008229   Thumb Code    36  list.o(.text.uxListRemove)
    vApplicationGetIdleTaskMemory            0x0800824d   Thumb Code    26  freertos.o(.text.vApplicationGetIdleTaskMemory)
    vListInitialise                          0x08008269   Thumb Code    22  list.o(.text.vListInitialise)
    vListInitialiseItem                      0x08008281   Thumb Code     6  list.o(.text.vListInitialiseItem)
    vListInsert                              0x08008289   Thumb Code    98  list.o(.text.vListInsert)
    vListInsertEnd                           0x080082ed   Thumb Code    28  list.o(.text.vListInsertEnd)
    vPortEnterCritical                       0x0800831d   Thumb Code    70  port.o(.text.vPortEnterCritical)
    vPortExitCritical                        0x08008365   Thumb Code    46  port.o(.text.vPortExitCritical)
    vPortFree                                0x08008395   Thumb Code   212  heap_4.o(.text.vPortFree)
    vPortSetupTimerInterrupt                 0x08008469   Thumb Code    52  port.o(.text.vPortSetupTimerInterrupt)
    vTaskDelay                               0x0800849d   Thumb Code   158  tasks.o(.text.vTaskDelay)
    vTaskStartScheduler                      0x0800853d   Thumb Code   196  tasks.o(.text.vTaskStartScheduler)
    vTaskSuspendAll                          0x08008609   Thumb Code    16  tasks.o(.text.vTaskSuspendAll)
    vTaskSwitchContext                       0x08008619   Thumb Code   110  tasks.o(.text.vTaskSwitchContext)
    xPortStartScheduler                      0x08008689   Thumb Code   392  port.o(.text.xPortStartScheduler)
    xTaskCreate                              0x08008811   Thumb Code    96  tasks.o(.text.xTaskCreate)
    xTaskCreateStatic                        0x08008871   Thumb Code   118  tasks.o(.text.xTaskCreateStatic)
    xTaskIncrementTick                       0x080088e9   Thumb Code   262  tasks.o(.text.xTaskIncrementTick)
    xTaskResumeAll                           0x080089f1   Thumb Code   234  tasks.o(.text.xTaskResumeAll)
    __ARM_fpclassifyf                        0x08008adb   Thumb Code    38  fpclassifyf.o(i.__ARM_fpclassifyf)
    __hardfp_asinf                           0x08008b01   Thumb Code   258  asinf.o(i.__hardfp_asinf)
    __hardfp_atan2f                          0x08008c2d   Thumb Code   594  atan2f.o(i.__hardfp_atan2f)
    __hardfp_sqrt                            0x08008ed9   Thumb Code   122  sqrt.o(i.__hardfp_sqrt)
    __mathlib_flt_infnan                     0x08008f53   Thumb Code     6  funder.o(i.__mathlib_flt_infnan)
    __mathlib_flt_infnan2                    0x08008f59   Thumb Code     6  funder.o(i.__mathlib_flt_infnan2)
    __mathlib_flt_invalid                    0x08008f61   Thumb Code    10  funder.o(i.__mathlib_flt_invalid)
    __mathlib_flt_underflow                  0x08008f71   Thumb Code    10  funder.o(i.__mathlib_flt_underflow)
    __scatterload_copy                       0x08008f81   Thumb Code    14  handlers.o(i.__scatterload_copy)
    __scatterload_null                       0x08008f8f   Thumb Code     2  handlers.o(i.__scatterload_null)
    __scatterload_zeroinit                   0x08008f91   Thumb Code    14  handlers.o(i.__scatterload_zeroinit)
    __set_errno                              0x08008fa1   Thumb Code     6  errno.o(i.__set_errno)
    malloc                                   0x08008fad   Thumb Code    92  malloc.o(i.malloc)
    sqrtf                                    0x08009019   Thumb Code    62  sqrtf.o(i.sqrtf)
    AHBPrescTable                            0x08009090   Data          16  system_stm32f4xx.o(.rodata.AHBPrescTable)
    APBPrescTable                            0x080090a0   Data           8  system_stm32f4xx.o(.rodata.APBPrescTable)
    sinTable_f32                             0x080090b0   Data        2052  arm_common_tables.o(.rodata.sinTable_f32)
    Region$$Table$$Base                      0x08009928   Number         0  anon$$obj.o(Region$$Table)
    Region$$Table$$Limit                     0x08009948   Number         0  anon$$obj.o(Region$$Table)
    __microlib_freelist                      0x20000000   Data           4  mvars.o(.data)
    __microlib_freelist_initialised          0x20000004   Data           4  mvars.o(.data)
    uwTickFreq                               0x2000000c   Data           1  stm32f4xx_hal.o(.data..L_MergedGlobals)
    uwTickPrio                               0x20000010   Data           4  stm32f4xx_hal.o(.data..L_MergedGlobals)
    data                                     0x20000014   Data           4  ins_task.o(.data..L_MergedGlobals)
    gravity                                  0x20000018   Data          12  ins_task.o(.data..L_MergedGlobals)
    BM_tp_err_pid                            0x20000024   Data          12  balance_chair_task.o(.data..L_MergedGlobals)
    BM_leg_L_pid                             0x20000030   Data          12  balance_chair_task.o(.data..L_MergedGlobals)
    BM_wheel_turn_pid                        0x2000003c   Data          12  balance_chair_task.o(.data..L_MergedGlobals)
    BM_leg_roll_pid                          0x20000048   Data          12  balance_chair_task.o(.data..L_MergedGlobals)
    BM_right_pid                             0x20000054   Data          36  balance_chair_task.o(.data..L_MergedGlobals)
    BM_left_pid                              0x20000078   Data          36  balance_chair_task.o(.data..L_MergedGlobals)
    OBSERVE_TIME                             0x2000009c   Data           4  observe_task.o(.data..L_MergedGlobals)
    vaEstimateKF_F                           0x200000a0   Data          16  observe_task.o(.data..L_MergedGlobals)
    vaEstimateKF_P                           0x200000b0   Data          16  observe_task.o(.data..L_MergedGlobals)
    vaEstimateKF_Q                           0x200000c0   Data          16  observe_task.o(.data..L_MergedGlobals)
    vaEstimateKF_R                           0x200000d0   Data          16  observe_task.o(.data..L_MergedGlobals)
    caliOffset                               0x200000e0   Data           1  bmi088driver.o(.data..L_MergedGlobals)
    BMI088_ACCEL_SEN                         0x200000e4   Data           4  bmi088driver.o(.data..L_MergedGlobals)
    BMI088_GYRO_SEN                          0x200000e8   Data           4  bmi088driver.o(.data..L_MergedGlobals)
    LQR_K_R                                  0x200000ec   Data          48  balance_chair_task.o(.data..L_MergedGlobals.1)
    LQR_K_L                                  0x2000011c   Data          48  balance_chair_task.o(.data..L_MergedGlobals.1)
    SystemCoreClock                          0x2000014c   Data           4  system_stm32f4xx.o(.data.SystemCoreClock)
    defaultTaskHandle                        0x20000158   Data           4  freertos.o(.bss..L_MergedGlobals)
    INS_TASKHandle                           0x2000015c   Data           4  freertos.o(.bss..L_MergedGlobals)
    LEG_RIGHTHandle                          0x20000160   Data           4  freertos.o(.bss..L_MergedGlobals)
    LEG_LEFTHandle                           0x20000164   Data           4  freertos.o(.bss..L_MergedGlobals)
    BALAENCE_CHAIRHandle                     0x20000168   Data           4  freertos.o(.bss..L_MergedGlobals)
    OBSERVE_TASKHandle                       0x2000016c   Data           4  freertos.o(.bss..L_MergedGlobals)
    DRIVER_TASKHandle                        0x20000170   Data           4  freertos.o(.bss..L_MergedGlobals)
    pxCurrentTCB                             0x20000174   Data           4  tasks.o(.bss..L_MergedGlobals)
    CYCCNT64                                 0x20000230   Data           8  bsp_dwt.o(.bss..L_MergedGlobals)
    SysTime                                  0x20000238   Data           8  bsp_dwt.o(.bss..L_MergedGlobals)
    rc_ctrl                                  0x20000240   Data          22  usart_rc_dbus.o(.bss..L_MergedGlobals)
    SBUS_MultiRx_Buf                         0x20000256   Data          36  usart_rc_dbus.o(.bss..L_MergedGlobals)
    sizeof_float                             0x2000028c   Data           2  kalman_filter.o(.bss..L_MergedGlobals)
    sizeof_double                            0x2000028e   Data           2  kalman_filter.o(.bss..L_MergedGlobals)
    INS_DWT_Count                            0x20000290   Data           4  ins_task.o(.bss..L_MergedGlobals.1)
    ins_dt                                   0x20000294   Data           4  ins_task.o(.bss..L_MergedGlobals.1)
    ins_time                                 0x20000298   Data           4  ins_task.o(.bss..L_MergedGlobals.1)
    Accel                                    0x2000029c   Data          12  ins_task.o(.bss..L_MergedGlobals.1)
    Gyro                                     0x200002a8   Data          12  ins_task.o(.bss..L_MergedGlobals.1)
    vel_acc                                  0x200002b8   Data           8  observe_task.o(.bss..L_MergedGlobals.1)
    caliCount                                0x200002f4   Data           2  bmi088driver.o(.bss..L_MergedGlobals.3)
    gNormDiff                                0x200002f8   Data           4  bmi088driver.o(.bss..L_MergedGlobals.3)
    gyroDiff                                 0x20000300   Data          12  bmi088driver.o(.bss..L_MergedGlobals.3)
    BMI088                                   0x2000030c   Data          64  bmi088driver.o(.bss..L_MergedGlobals.3)
    BMI088_SPI                               0x2000034c   Data           4  bmi088middleware.o(.bss.BMI088_SPI)
    Chassis                                  0x20000350   Data        1260  balance_chair_task.o(.bss.Chassis)
    INS                                      0x20000840   Data         148  ins_task.o(.bss.INS)
    hcan1                                    0x200008d4   Data          40  can.o(.bss.hcan1)
    hcan1RxFrame                             0x200008fc   Data          36  can_receive.o(.bss.hcan1RxFrame)
    hcan2                                    0x20000920   Data          40  can.o(.bss.hcan2)
    hcan2RxFrame                             0x20000948   Data          36  can_receive.o(.bss.hcan2RxFrame)
    hdma_uart4_rx                            0x2000096c   Data          96  usart.o(.bss.hdma_uart4_rx)
    hdma_uart4_tx                            0x200009cc   Data          96  usart.o(.bss.hdma_uart4_tx)
    hdma_usart1_rx                           0x20000a2c   Data          96  usart.o(.bss.hdma_usart1_rx)
    hdma_usart1_tx                           0x20000a8c   Data          96  usart.o(.bss.hdma_usart1_tx)
    hdma_usart6_rx                           0x20000aec   Data          96  usart.o(.bss.hdma_usart6_rx)
    hspi2                                    0x20000b4c   Data          88  spi.o(.bss.hspi2)
    htim2                                    0x20000ba4   Data          72  tim.o(.bss.htim2)
    htim3                                    0x20000bec   Data          72  stm32f4xx_hal_timebase_tim.o(.bss.htim3)
    huart1                                   0x20000c34   Data          72  usart.o(.bss.huart1)
    huart2                                   0x20000c7c   Data          72  usart.o(.bss.huart2)
    huart4                                   0x20000cc4   Data          72  usart.o(.bss.huart4)
    huart5                                   0x20000d0c   Data          72  usart.o(.bss.huart5)
    huart6                                   0x20000d54   Data          72  usart.o(.bss.huart6)
    mahony                                   0x20000d9c   Data         132  ins_task.o(.bss.mahony)
    uwTick                                   0x20004aac   Data           4  stm32f4xx_hal.o(.bss.uwTick)
    vaEstimateKF                             0x20004ab0   Data         320  observe_task.o(.bss.vaEstimateKF)
    vmc_left                                 0x20004bf0   Data         172  balance_chair_task.o(.bss.vmc_left)
    vmc_right                                0x20004c9c   Data         172  balance_chair_task.o(.bss.vmc_right)
    __heap_base                              0x20004fa0   Data           0  startup_stm32f407xx.o(HEAP)
    __heap_limit                             0x200051a0   Data           0  startup_stm32f407xx.o(HEAP)
    __initial_sp                             0x200055a0   Data           0  startup_stm32f407xx.o(STACK)



==============================================================================

Memory Map of the image

  Image Entry point : 0x08000189

  Load Region LR_IROM1 (Base: 0x08000000, Size: 0x00009aa0, Max: 0x00080000, ABSOLUTE, COMPRESSED[0x000099e0])

    Execution Region ER_IROM1 (Exec base: 0x08000000, Load base: 0x08000000, Size: 0x00009948, Max: 0x00080000, ABSOLUTE)

    Exec Addr    Load Addr    Size         Type   Attr      Idx    E Section Name        Object

    0x08000000   0x08000000   0x00000188   Data   RO            3    RESET               startup_stm32f407xx.o
    0x08000188   0x08000188   0x00000000   Code   RO         2221  * .ARM.Collect$$$$00000000  mc_w.l(entry.o)
    0x08000188   0x08000188   0x00000004   Code   RO         2326    .ARM.Collect$$$$00000001  mc_w.l(entry2.o)
    0x0800018c   0x0800018c   0x00000004   Code   RO         2329    .ARM.Collect$$$$00000004  mc_w.l(entry5.o)
    0x08000190   0x08000190   0x00000000   Code   RO         2331    .ARM.Collect$$$$00000008  mc_w.l(entry7b.o)
    0x08000190   0x08000190   0x00000000   Code   RO         2333    .ARM.Collect$$$$0000000A  mc_w.l(entry8b.o)
    0x08000190   0x08000190   0x00000008   Code   RO         2334    .ARM.Collect$$$$0000000B  mc_w.l(entry9a.o)
    0x08000198   0x08000198   0x00000000   Code   RO         2336    .ARM.Collect$$$$0000000D  mc_w.l(entry10a.o)
    0x08000198   0x08000198   0x00000000   Code   RO         2338    .ARM.Collect$$$$0000000F  mc_w.l(entry11a.o)
    0x08000198   0x08000198   0x00000004   Code   RO         2327    .ARM.Collect$$$$00002712  mc_w.l(entry2.o)
    0x0800019c   0x0800019c   0x00000024   Code   RO            4    .text               startup_stm32f407xx.o
    0x080001c0   0x080001c0   0x00000062   Code   RO         2224    .text               mc_w.l(uldiv.o)
    0x08000222   0x08000222   0x00000024   Code   RO         2226    .text               mc_w.l(memcpya.o)
    0x08000246   0x08000246   0x00000024   Code   RO         2228    .text               mc_w.l(memseta.o)
    0x0800026a   0x0800026a   0x0000001c   Code   RO         2290    .text               mc_w.l(calloc.o)
    0x08000286   0x08000286   0x0000014e   Code   RO         2292    .text               mf_w.l(dadd.o)
    0x080003d4   0x080003d4   0x000000e4   Code   RO         2294    .text               mf_w.l(dmul.o)
    0x080004b8   0x080004b8   0x000000de   Code   RO         2296    .text               mf_w.l(ddiv.o)
    0x08000596   0x08000596   0x0000001a   Code   RO         2298    .text               mf_w.l(dfltui.o)
    0x080005b0   0x080005b0   0x00000026   Code   RO         2300    .text               mf_w.l(f2d.o)
    0x080005d6   0x080005d6   0x00000038   Code   RO         2302    .text               mf_w.l(d2f.o)
    0x0800060e   0x0800060e   0x0000001e   Code   RO         2356    .text               mc_w.l(llshl.o)
    0x0800062c   0x0800062c   0x00000020   Code   RO         2358    .text               mc_w.l(llushr.o)
    0x0800064c   0x0800064c   0x00000024   Code   RO         2360    .text               mc_w.l(llsshr.o)
    0x08000670   0x08000670   0x00000000   Code   RO         2371    .text               mc_w.l(iusefp.o)
    0x08000670   0x08000670   0x0000006e   Code   RO         2372    .text               mf_w.l(fepilogue.o)
    0x080006de   0x080006de   0x000000ba   Code   RO         2374    .text               mf_w.l(depilogue.o)
    0x08000798   0x08000798   0x000000a2   Code   RO         2376    .text               mf_w.l(dsqrt.o)
    0x0800083a   0x0800083a   0x00000002   PAD
    0x0800083c   0x0800083c   0x00000030   Code   RO         2382    .text               mc_w.l(init.o)
    0x0800086c   0x0800086c   0x00000056   Code   RO         2394    .text               mc_w.l(__dczerorl2.o)
    0x080008c2   0x080008c2   0x00000002   PAD
    0x080008c4   0x080008c4   0x0000000c   Code   RO           51    .text.BALANCE_Chair  freertos.o
    0x080008d0   0x080008d0   0x00000012   Code   RO         1940    .text.BMI088_ACCEL_NS_H  bmi088middleware.o
    0x080008e2   0x080008e2   0x00000002   PAD
    0x080008e4   0x080008e4   0x00000012   Code   RO         1938    .text.BMI088_ACCEL_NS_L  bmi088middleware.o
    0x080008f6   0x080008f6   0x00000002   PAD
    0x080008f8   0x080008f8   0x00000012   Code   RO         1944    .text.BMI088_GYRO_NS_H  bmi088middleware.o
    0x0800090a   0x0800090a   0x00000002   PAD
    0x0800090c   0x0800090c   0x00000012   Code   RO         1942    .text.BMI088_GYRO_NS_L  bmi088middleware.o
    0x0800091e   0x0800091e   0x00000002   PAD
    0x08000920   0x08000920   0x00000222   Code   RO         1964    .text.BMI088_Read   bmi088driver.o
    0x08000b42   0x08000b42   0x00000002   PAD
    0x08000b44   0x08000b44   0x0000066c   Code   RO         1958    .text.BMI088_init   bmi088driver.o
    0x080011b0   0x080011b0   0x00000032   Code   RO         1946    .text.BMI088_read_write_byte  bmi088middleware.o
    0x080011e2   0x080011e2   0x00000002   PAD
    0x080011e4   0x080011e4   0x00000034   Code   RO         2012    .text.BM_ctrl_mode_joint_set  bm_ctrl.o
    0x08001218   0x08001218   0x00000056   Code   RO         1978    .text.BM_motor_ctrl  bm_ctrl.o
    0x0800126e   0x0800126e   0x00000002   PAD
    0x08001270   0x08001270   0x00000002   Code   RO          169    .text.BusFault_Handler  stm32f4xx_it.o
    0x08001272   0x08001272   0x00000002   PAD
    0x08001274   0x08001274   0x0000000c   Code   RO          179    .text.CAN1_RX0_IRQHandler  stm32f4xx_it.o
    0x08001280   0x08001280   0x0000000c   Code   RO          181    .text.CAN1_RX1_IRQHandler  stm32f4xx_it.o
    0x0800128c   0x0800128c   0x0000000c   Code   RO          193    .text.CAN2_RX0_IRQHandler  stm32f4xx_it.o
    0x08001298   0x08001298   0x0000000c   Code   RO          195    .text.CAN2_RX1_IRQHandler  stm32f4xx_it.o
    0x080012a4   0x080012a4   0x0000007a   Code   RO         1731    .text.CAN_Init      can_receive.o
    0x0800131e   0x0800131e   0x00000002   PAD
    0x08001320   0x08001320   0x00000118   Code   RO         2020    .text.CAN_rx_BM_joint_Data  bm_ctrl.o
    0x08001438   0x08001438   0x000000fc   Code   RO         2018    .text.CAN_rx_BM_wheel_Data  bm_ctrl.o
    0x08001534   0x08001534   0x0000000c   Code   RO          175    .text.DMA1_Stream2_IRQHandler  stm32f4xx_it.o
    0x08001540   0x08001540   0x0000000c   Code   RO          177    .text.DMA1_Stream4_IRQHandler  stm32f4xx_it.o
    0x0800154c   0x0800154c   0x0000000c   Code   RO          189    .text.DMA2_Stream1_IRQHandler  stm32f4xx_it.o
    0x08001558   0x08001558   0x0000000c   Code   RO          191    .text.DMA2_Stream2_IRQHandler  stm32f4xx_it.o
    0x08001564   0x08001564   0x0000000c   Code   RO          197    .text.DMA2_Stream7_IRQHandler  stm32f4xx_it.o
    0x08001570   0x08001570   0x0000000c   Code   RO           55    .text.DRIVER_Task   freertos.o
    0x0800157c   0x0800157c   0x0000007c   Code   RO         1703    .text.DWT_Delay     bsp_dwt.o
    0x080015f8   0x080015f8   0x0000005a   Code   RO         1691    .text.DWT_GetDeltaT  bsp_dwt.o
    0x08001652   0x08001652   0x00000002   PAD
    0x08001654   0x08001654   0x000000d4   Code   RO         1697    .text.DWT_GetTimeline_s  bsp_dwt.o
    0x08001728   0x08001728   0x00000064   Code   RO         1689    .text.DWT_Init      bsp_dwt.o
    0x0800178c   0x0800178c   0x00000002   Code   RO          173    .text.DebugMon_Handler  stm32f4xx_it.o
    0x0800178e   0x0800178e   0x00000002   PAD
    0x08001790   0x08001790   0x00000130   Code   RO         1926    .text.Driver_task   driver_task.o
    0x080018c0   0x080018c0   0x00000006   Code   RO           15    .text.Error_Handler  main.o
    0x080018c6   0x080018c6   0x00000002   PAD
    0x080018c8   0x080018c8   0x0000002e   Code   RO          266    .text.HAL_CAN_ActivateNotification  stm32f4xx_hal_can.o
    0x080018f6   0x080018f6   0x00000002   PAD
    0x080018f8   0x080018f8   0x000000a8   Code   RO          252    .text.HAL_CAN_AddTxMessage  stm32f4xx_hal_can.o
    0x080019a0   0x080019a0   0x000000de   Code   RO          242    .text.HAL_CAN_ConfigFilter  stm32f4xx_hal_can.o
    0x08001a7e   0x08001a7e   0x00000002   PAD
    0x08001a80   0x08001a80   0x00000002   Code   RO          296    .text.HAL_CAN_ErrorCallback  stm32f4xx_hal_can.o
    0x08001a82   0x08001a82   0x00000002   PAD
    0x08001a84   0x08001a84   0x0000012a   Code   RO          262    .text.HAL_CAN_GetRxMessage  stm32f4xx_hal_can.o
    0x08001bae   0x08001bae   0x00000002   PAD
    0x08001bb0   0x08001bb0   0x0000025e   Code   RO          270    .text.HAL_CAN_IRQHandler  stm32f4xx_hal_can.o
    0x08001e0e   0x08001e0e   0x00000002   PAD
    0x08001e10   0x08001e10   0x000000f4   Code   RO          232    .text.HAL_CAN_Init  stm32f4xx_hal_can.o
    0x08001f04   0x08001f04   0x00000134   Code   RO           75    .text.HAL_CAN_MspInit  can.o
    0x08002038   0x08002038   0x00000002   Code   RO          284    .text.HAL_CAN_RxFifo0FullCallback  stm32f4xx_hal_can.o
    0x0800203a   0x0800203a   0x00000002   PAD
    0x0800203c   0x0800203c   0x00000074   Code   RO         1737    .text.HAL_CAN_RxFifo0MsgPendingCallback  can_receive.o
    0x080020b0   0x080020b0   0x00000002   Code   RO          288    .text.HAL_CAN_RxFifo1FullCallback  stm32f4xx_hal_can.o
    0x080020b2   0x080020b2   0x00000002   PAD
    0x080020b4   0x080020b4   0x00000078   Code   RO         1739    .text.HAL_CAN_RxFifo1MsgPendingCallback  can_receive.o
    0x0800212c   0x0800212c   0x00000002   Code   RO          292    .text.HAL_CAN_SleepCallback  stm32f4xx_hal_can.o
    0x0800212e   0x0800212e   0x00000002   PAD
    0x08002130   0x08002130   0x0000005a   Code   RO          244    .text.HAL_CAN_Start  stm32f4xx_hal_can.o
    0x0800218a   0x0800218a   0x00000002   PAD
    0x0800218c   0x0800218c   0x00000002   Code   RO          274    .text.HAL_CAN_TxMailbox0AbortCallback  stm32f4xx_hal_can.o
    0x0800218e   0x0800218e   0x00000002   PAD
    0x08002190   0x08002190   0x00000002   Code   RO          272    .text.HAL_CAN_TxMailbox0CompleteCallback  stm32f4xx_hal_can.o
    0x08002192   0x08002192   0x00000002   PAD
    0x08002194   0x08002194   0x00000002   Code   RO          278    .text.HAL_CAN_TxMailbox1AbortCallback  stm32f4xx_hal_can.o
    0x08002196   0x08002196   0x00000002   PAD
    0x08002198   0x08002198   0x00000002   Code   RO          276    .text.HAL_CAN_TxMailbox1CompleteCallback  stm32f4xx_hal_can.o
    0x0800219a   0x0800219a   0x00000002   PAD
    0x0800219c   0x0800219c   0x00000002   Code   RO          282    .text.HAL_CAN_TxMailbox2AbortCallback  stm32f4xx_hal_can.o
    0x0800219e   0x0800219e   0x00000002   PAD
    0x080021a0   0x080021a0   0x00000002   Code   RO          280    .text.HAL_CAN_TxMailbox2CompleteCallback  stm32f4xx_hal_can.o
    0x080021a2   0x080021a2   0x00000002   PAD
    0x080021a4   0x080021a4   0x00000002   Code   RO          294    .text.HAL_CAN_WakeUpFromRxMsgCallback  stm32f4xx_hal_can.o
    0x080021a6   0x080021a6   0x00000002   PAD
    0x080021a8   0x080021a8   0x00000072   Code   RO          446    .text.HAL_DMAEx_MultiBufferStart  stm32f4xx_hal_dma_ex.o
    0x0800221a   0x0800221a   0x00000002   PAD
    0x0800221c   0x0800221c   0x0000008e   Code   RO          468    .text.HAL_DMA_Abort  stm32f4xx_hal_dma.o
    0x080022aa   0x080022aa   0x00000002   PAD
    0x080022ac   0x080022ac   0x00000024   Code   RO          470    .text.HAL_DMA_Abort_IT  stm32f4xx_hal_dma.o
    0x080022d0   0x080022d0   0x000001c0   Code   RO          474    .text.HAL_DMA_IRQHandler  stm32f4xx_hal_dma.o
    0x08002490   0x08002490   0x00000162   Code   RO          460    .text.HAL_DMA_Init  stm32f4xx_hal_dma.o
    0x080025f2   0x080025f2   0x00000002   PAD
    0x080025f4   0x080025f4   0x00000028   Code   RO          627    .text.HAL_Delay     stm32f4xx_hal.o
    0x0800261c   0x0800261c   0x0000019e   Code   RO          422    .text.HAL_GPIO_Init  stm32f4xx_hal_gpio.o
    0x080027ba   0x080027ba   0x00000002   PAD
    0x080027bc   0x080027bc   0x00000010   Code   RO          430    .text.HAL_GPIO_TogglePin  stm32f4xx_hal_gpio.o
    0x080027cc   0x080027cc   0x0000000a   Code   RO          428    .text.HAL_GPIO_WritePin  stm32f4xx_hal_gpio.o
    0x080027d6   0x080027d6   0x00000002   PAD
    0x080027d8   0x080027d8   0x0000000c   Code   RO          619    .text.HAL_GetTick   stm32f4xx_hal.o
    0x080027e4   0x080027e4   0x0000001a   Code   RO          617    .text.HAL_IncTick   stm32f4xx_hal.o
    0x080027fe   0x080027fe   0x00000002   PAD
    0x08002800   0x08002800   0x00000036   Code   RO          607    .text.HAL_Init      stm32f4xx_hal.o
    0x08002836   0x08002836   0x00000002   PAD
    0x08002838   0x08002838   0x000000bc   Code   RO          217    .text.HAL_InitTick  stm32f4xx_hal_timebase_tim.o
    0x080028f4   0x080028f4   0x00000042   Code   RO          208    .text.HAL_MspInit   stm32f4xx_hal_msp.o
    0x08002936   0x08002936   0x00000002   PAD
    0x08002938   0x08002938   0x00000022   Code   RO          559    .text.HAL_NVIC_EnableIRQ  stm32f4xx_hal_cortex.o
    0x0800295a   0x0800295a   0x00000002   PAD
    0x0800295c   0x0800295c   0x00000056   Code   RO          557    .text.HAL_NVIC_SetPriority  stm32f4xx_hal_cortex.o
    0x080029b2   0x080029b2   0x00000002   PAD
    0x080029b4   0x080029b4   0x00000020   Code   RO          555    .text.HAL_NVIC_SetPriorityGrouping  stm32f4xx_hal_cortex.o
    0x080029d4   0x080029d4   0x00000164   Code   RO          316    .text.HAL_RCC_ClockConfig  stm32f4xx_hal_rcc.o
    0x08002b38   0x08002b38   0x0000003e   Code   RO          334    .text.HAL_RCC_GetClockConfig  stm32f4xx_hal_rcc.o
    0x08002b76   0x08002b76   0x00000002   PAD
    0x08002b78   0x08002b78   0x00000026   Code   RO          328    .text.HAL_RCC_GetPCLK1Freq  stm32f4xx_hal_rcc.o
    0x08002b9e   0x08002b9e   0x00000002   PAD
    0x08002ba0   0x08002ba0   0x00000026   Code   RO          330    .text.HAL_RCC_GetPCLK2Freq  stm32f4xx_hal_rcc.o
    0x08002bc6   0x08002bc6   0x00000002   PAD
    0x08002bc8   0x08002bc8   0x0000006a   Code   RO          318    .text.HAL_RCC_GetSysClockFreq  stm32f4xx_hal_rcc.o
    0x08002c32   0x08002c32   0x00000002   PAD
    0x08002c34   0x08002c34   0x000003b0   Code   RO          314    .text.HAL_RCC_OscConfig  stm32f4xx_hal_rcc.o
    0x08002fe4   0x08002fe4   0x000000b4   Code   RO          697    .text.HAL_SPI_Init  stm32f4xx_hal_spi.o
    0x08003098   0x08003098   0x0000006c   Code   RO          101    .text.HAL_SPI_MspInit  spi.o
    0x08003104   0x08003104   0x0000034e   Code   RO          709    .text.HAL_SPI_TransmitReceive  stm32f4xx_hal_spi.o
    0x08003452   0x08003452   0x00000002   PAD
    0x08003454   0x08003454   0x00000002   Code   RO         1116    .text.HAL_TIMEx_BreakCallback  stm32f4xx_hal_tim_ex.o
    0x08003456   0x08003456   0x00000002   PAD
    0x08003458   0x08003458   0x00000002   Code   RO         1112    .text.HAL_TIMEx_CommutCallback  stm32f4xx_hal_tim_ex.o
    0x0800345a   0x0800345a   0x00000002   PAD
    0x0800345c   0x0800345c   0x000000ba   Code   RO         1106    .text.HAL_TIMEx_MasterConfigSynchronization  stm32f4xx_hal_tim_ex.o
    0x08003516   0x08003516   0x00000002   PAD
    0x08003518   0x08003518   0x0000005a   Code   RO          811    .text.HAL_TIM_Base_Init  stm32f4xx_hal_tim.o
    0x08003572   0x08003572   0x00000002   PAD
    0x08003574   0x08003574   0x00000002   Code   RO          813    .text.HAL_TIM_Base_MspInit  stm32f4xx_hal_tim.o
    0x08003576   0x08003576   0x00000002   PAD
    0x08003578   0x08003578   0x000000aa   Code   RO          825    .text.HAL_TIM_Base_Start_IT  stm32f4xx_hal_tim.o
    0x08003622   0x08003622   0x00000002   PAD
    0x08003624   0x08003624   0x00000002   Code   RO          947    .text.HAL_TIM_IC_CaptureCallback  stm32f4xx_hal_tim.o
    0x08003626   0x08003626   0x00000002   PAD
    0x08003628   0x08003628   0x0000014e   Code   RO          945    .text.HAL_TIM_IRQHandler  stm32f4xx_hal_tim.o
    0x08003776   0x08003776   0x00000002   PAD
    0x08003778   0x08003778   0x000001b4   Code   RO          957    .text.HAL_TIM_OC_ConfigChannel  stm32f4xx_hal_tim.o
    0x0800392c   0x0800392c   0x00000002   Code   RO          949    .text.HAL_TIM_OC_DelayElapsedCallback  stm32f4xx_hal_tim.o
    0x0800392e   0x0800392e   0x00000002   PAD
    0x08003930   0x08003930   0x0000005a   Code   RO          839    .text.HAL_TIM_OC_Init  stm32f4xx_hal_tim.o
    0x0800398a   0x0800398a   0x00000002   PAD
    0x0800398c   0x0800398c   0x0000002e   Code   RO          118    .text.HAL_TIM_OC_MspInit  tim.o
    0x080039ba   0x080039ba   0x00000002   PAD
    0x080039bc   0x080039bc   0x00000002   Code   RO          951    .text.HAL_TIM_PWM_PulseFinishedCallback  stm32f4xx_hal_tim.o
    0x080039be   0x080039be   0x00000002   PAD
    0x080039c0   0x080039c0   0x00000014   Code   RO           17    .text.HAL_TIM_PeriodElapsedCallback  main.o
    0x080039d4   0x080039d4   0x00000002   Code   RO          955    .text.HAL_TIM_TriggerCallback  stm32f4xx_hal_tim.o
    0x080039d6   0x080039d6   0x00000002   PAD
    0x080039d8   0x080039d8   0x00000198   Code   RO         1718    .text.HAL_UARTEx_RxEventCallback  usart_rc_dbus.o
    0x08003b70   0x08003b70   0x00000002   Code   RO         1214    .text.HAL_UART_ErrorCallback  stm32f4xx_hal_uart.o
    0x08003b72   0x08003b72   0x00000002   PAD
    0x08003b74   0x08003b74   0x00000570   Code   RO         1208    .text.HAL_UART_IRQHandler  stm32f4xx_hal_uart.o
    0x080040e4   0x080040e4   0x00000060   Code   RO         1130    .text.HAL_UART_Init  stm32f4xx_hal_uart.o
    0x08004144   0x08004144   0x000003d8   Code   RO          141    .text.HAL_UART_MspInit  usart.o
    0x0800451c   0x0800451c   0x00000002   Code   RO         1222    .text.HAL_UART_RxCpltCallback  stm32f4xx_hal_uart.o
    0x0800451e   0x0800451e   0x00000002   PAD
    0x08004520   0x08004520   0x00000002   Code   RO         1218    .text.HAL_UART_TxCpltCallback  stm32f4xx_hal_uart.o
    0x08004522   0x08004522   0x00000002   PAD
    0x08004524   0x08004524   0x00000002   Code   RO          165    .text.HardFault_Handler  stm32f4xx_it.o
    0x08004526   0x08004526   0x00000002   PAD
    0x08004528   0x08004528   0x0000000c   Code   RO           45    .text.INS_Task      freertos.o
    0x08004534   0x08004534   0x0000031c   Code   RO         1862    .text.INS_task      ins_task.o
    0x08004850   0x08004850   0x000002f2   Code   RO         1835    .text.Kalman_Filter_Init  kalman_filter.o
    0x08004b42   0x08004b42   0x00000002   PAD
    0x08004b44   0x08004b44   0x00000204   Code   RO         1837    .text.Kalman_Filter_Measure  kalman_filter.o
    0x08004d48   0x08004d48   0x000000c0   Code   RO         1843    .text.Kalman_Filter_SetK  kalman_filter.o
    0x08004e08   0x08004e08   0x00000398   Code   RO         1849    .text.Kalman_Filter_Update  kalman_filter.o
    0x080051a0   0x080051a0   0x00000008   Code   RO           49    .text.LEG_Left      freertos.o
    0x080051a8   0x080051a8   0x00000008   Code   RO           47    .text.LEG_Right     freertos.o
    0x080051b0   0x080051b0   0x00000028   Code   RO         1759    .text.LimitMax      function.o
    0x080051d8   0x080051d8   0x00000040   Code   RO           71    .text.MX_CAN1_Init  can.o
    0x08005218   0x08005218   0x00000040   Code   RO           73    .text.MX_CAN2_Init  can.o
    0x08005258   0x08005258   0x0000008c   Code   RO           90    .text.MX_DMA_Init   dma.o
    0x080052e4   0x080052e4   0x00000194   Code   RO           41    .text.MX_FREERTOS_Init  freertos.o
    0x08005478   0x08005478   0x000000ee   Code   RO           29    .text.MX_GPIO_Init  gpio.o
    0x08005566   0x08005566   0x00000002   PAD
    0x08005568   0x08005568   0x00000052   Code   RO           99    .text.MX_SPI2_Init  spi.o
    0x080055ba   0x080055ba   0x00000002   PAD
    0x080055bc   0x080055bc   0x000000c0   Code   RO          114    .text.MX_TIM2_Init  tim.o
    0x0800567c   0x0800567c   0x0000003c   Code   RO          131    .text.MX_UART4_Init  usart.o
    0x080056b8   0x080056b8   0x0000003c   Code   RO          133    .text.MX_UART5_Init  usart.o
    0x080056f4   0x080056f4   0x0000003c   Code   RO          135    .text.MX_USART1_UART_Init  usart.o
    0x08005730   0x08005730   0x0000003c   Code   RO          137    .text.MX_USART2_UART_Init  usart.o
    0x0800576c   0x0800576c   0x00000046   Code   RO          139    .text.MX_USART6_UART_Init  usart.o
    0x080057b2   0x080057b2   0x00000002   PAD
    0x080057b4   0x080057b4   0x00000002   Code   RO          167    .text.MemManage_Handler  stm32f4xx_it.o
    0x080057b6   0x080057b6   0x00000002   PAD
    0x080057b8   0x080057b8   0x00000002   Code   RO          163    .text.NMI_Handler   stm32f4xx_it.o
    0x080057ba   0x080057ba   0x00000002   PAD
    0x080057bc   0x080057bc   0x0000000c   Code   RO           53    .text.Observe_Task  freertos.o
    0x080057c8   0x080057c8   0x000001a8   Code   RO         1907    .text.Observe_task  observe_task.o
    0x08005970   0x08005970   0x00000082   Code   RO         1798    .text.PID_calc      pid.o
    0x080059f2   0x080059f2   0x00000002   PAD
    0x080059f4   0x080059f4   0x0000002c   Code   RO         1796    .text.PID_init      pid.o
    0x08005a20   0x08005a20   0x00000064   Code   RO         1673    .text.PendSV_Handler  port.o
    0x08005a84   0x08005a84   0x0000004c   Code   RO         1714    .text.RC_init       usart_rc_dbus.o
    0x08005ad0   0x08005ad0   0x000000b2   Code   RO         1775    .text.RotationMatrix_update  mahony_filter.o
    0x08005b82   0x08005b82   0x00000002   PAD
    0x08005b84   0x08005b84   0x00000120   Code   RO          801    .text.SPI_WaitFlagStateUntilTimeout  stm32f4xx_hal_spi.o
    0x08005ca4   0x08005ca4   0x0000000c   PAD
    0x08005cb0   0x08005cb0   0x00000024   Code   RO         1657    .text.SVC_Handler   port.o
    0x08005cd4   0x08005cd4   0x00000008   Code   RO           43    .text.StartDefaultTask  freertos.o
    0x08005cdc   0x08005cdc   0x0000002e   Code   RO         1675    .text.SysTick_Handler  port.o
    0x08005d0a   0x08005d0a   0x00000002   PAD
    0x08005d0c   0x08005d0c   0x000000a8   Code   RO           13    .text.SystemClock_Config  main.o
    0x08005db4   0x08005db4   0x00000012   Code   RO         1252    .text.SystemInit    system_stm32f4xx.o
    0x08005dc6   0x08005dc6   0x00000002   PAD
    0x08005dc8   0x08005dc8   0x0000000c   Code   RO          183    .text.TIM3_IRQHandler  stm32f4xx_it.o
    0x08005dd4   0x08005dd4   0x0000014c   Code   RO          815    .text.TIM_Base_SetConfig  stm32f4xx_hal_tim.o
    0x08005f20   0x08005f20   0x0000000c   Code   RO          187    .text.UART4_IRQHandler  stm32f4xx_it.o
    0x08005f2c   0x08005f2c   0x0000000c   Code   RO         1212    .text.UART_DMAAbortOnError  stm32f4xx_hal_uart.o
    0x08005f38   0x08005f38   0x000000fe   Code   RO         1210    .text.UART_Receive_IT  stm32f4xx_hal_uart.o
    0x08006036   0x08006036   0x00000002   PAD
    0x08006038   0x08006038   0x000000ee   Code   RO         1134    .text.UART_SetConfig  stm32f4xx_hal_uart.o
    0x08006126   0x08006126   0x00000002   PAD
    0x08006128   0x08006128   0x0000000c   Code   RO          185    .text.USART1_IRQHandler  stm32f4xx_it.o
    0x08006134   0x08006134   0x0000000c   Code   RO          199    .text.USART6_IRQHandler  stm32f4xx_it.o
    0x08006140   0x08006140   0x00000002   Code   RO          171    .text.UsageFault_Handler  stm32f4xx_it.o
    0x08006142   0x08006142   0x00000002   PAD
    0x08006144   0x08006144   0x000002c4   Code   RO         1816    .text.VMC_calc_1_left  vmc_calc.o
    0x08006408   0x08006408   0x000002b4   Code   RO         1814    .text.VMC_calc_1_right  vmc_calc.o
    0x080066bc   0x080066bc   0x00000162   Code   RO         1818    .text.VMC_calc_2    vmc_calc.o
    0x0800681e   0x0800681e   0x00000002   PAD
    0x08006820   0x08006820   0x0000001c   Code   RO         1812    .text.VMC_init      vmc_calc.o
    0x0800683c   0x0800683c   0x000000a0   Code   RO         2030    .text.arm_cos_f32   arm_cortexM4lf_math.lib(arm_cos_f32.o)
    0x080068dc   0x080068dc   0x000000be   Code   RO         2050    .text.arm_mat_add_f32  arm_cortexM4lf_math.lib(arm_mat_add_f32.o)
    0x0800699a   0x0800699a   0x00000008   Code   RO         2060    .text.arm_mat_init_f32  arm_cortexM4lf_math.lib(arm_mat_init_f32.o)
    0x080069a2   0x080069a2   0x00000002   PAD
    0x080069a4   0x080069a4   0x000002d0   Code   RO         2069    .text.arm_mat_inverse_f32  arm_cortexM4lf_math.lib(arm_mat_inverse_f32.o)
    0x08006c74   0x08006c74   0x0000013c   Code   RO         2079    .text.arm_mat_mult_f32  arm_cortexM4lf_math.lib(arm_mat_mult_f32.o)
    0x08006db0   0x08006db0   0x000000be   Code   RO         2089    .text.arm_mat_sub_f32  arm_cortexM4lf_math.lib(arm_mat_sub_f32.o)
    0x08006e6e   0x08006e6e   0x00000002   PAD
    0x08006e70   0x08006e70   0x000000b2   Code   RO         2099    .text.arm_mat_trans_f32  arm_cortexM4lf_math.lib(arm_mat_trans_f32.o)
    0x08006f22   0x08006f22   0x00000002   PAD
    0x08006f24   0x08006f24   0x00000098   Code   RO         2040    .text.arm_sin_f32   arm_cortexM4lf_math.lib(arm_sin_f32.o)
    0x08006fbc   0x08006fbc   0x00000150   Code   RO         1881    .text.balance_chair_init  balance_chair_task.o
    0x0800710c   0x0800710c   0x0000056a   Code   RO         1883    .text.balance_chair_task  balance_chair_task.o
    0x08007676   0x08007676   0x00000002   PAD
    0x08007678   0x08007678   0x0000013c   Code   RO         1960    .text.bmi088_accel_init  bmi088driver.o
    0x080077b4   0x080077b4   0x0000013e   Code   RO         1962    .text.bmi088_gyro_init  bmi088driver.o
    0x080078f2   0x080078f2   0x00000002   PAD
    0x080078f4   0x080078f4   0x00000032   Code   RO         1783    .text.mahony_init   mahony_filter.o
    0x08007926   0x08007926   0x00000002   PAD
    0x08007928   0x08007928   0x00000008   Code   RO         1777    .text.mahony_input  mahony_filter.o
    0x08007930   0x08007930   0x0000003a   Code   RO         1781    .text.mahony_output  mahony_filter.o
    0x0800796a   0x0800796a   0x00000002   PAD
    0x0800796c   0x0800796c   0x000001c6   Code   RO         1779    .text.mahony_update  mahony_filter.o
    0x08007b32   0x08007b32   0x00000002   PAD
    0x08007b34   0x08007b34   0x00000082   Code   RO           11    .text.main          main.o
    0x08007bb6   0x08007bb6   0x00000002   PAD
    0x08007bb8   0x08007bb8   0x00000084   Code   RO         1757    .text.msp           function.o
    0x08007c3c   0x08007c3c   0x00000010   Code   RO         1535    .text.osDelay       cmsis_os.o
    0x08007c4c   0x08007c4c   0x0000000a   Code   RO         1517    .text.osKernelStart  cmsis_os.o
    0x08007c56   0x08007c56   0x00000002   PAD
    0x08007c58   0x08007c58   0x0000005c   Code   RO         1523    .text.osThreadCreate  cmsis_os.o
    0x08007cb4   0x08007cb4   0x000000fc   Code   RO         1415    .text.prvAddNewTaskToReadyList  tasks.o
    0x08007db0   0x08007db0   0x00000086   Code   RO         1445    .text.prvIdleTask   tasks.o
    0x08007e36   0x08007e36   0x00000002   PAD
    0x08007e38   0x08007e38   0x00000118   Code   RO         1413    .text.prvInitialiseNewTask  tasks.o
    0x08007f50   0x08007f50   0x00000028   Code   RO         1665    .text.prvPortStartFirstTask  port.o
    0x08007f78   0x08007f78   0x0000003e   Code   RO         1655    .text.prvTaskExitError  port.o
    0x08007fb6   0x08007fb6   0x00000002   PAD
    0x08007fb8   0x08007fb8   0x000001f4   Code   RO         1631    .text.pvPortMalloc  heap_4.o
    0x080081ac   0x080081ac   0x00000024   Code   RO         1653    .text.pxPortInitialiseStack  port.o
    0x080081d0   0x080081d0   0x00000058   Code   RO         1765    .text.slope_following  function.o
    0x08008228   0x08008228   0x00000024   Code   RO         1304    .text.uxListRemove  list.o
    0x0800824c   0x0800824c   0x0000001a   Code   RO           39    .text.vApplicationGetIdleTaskMemory  freertos.o
    0x08008266   0x08008266   0x00000002   PAD
    0x08008268   0x08008268   0x00000016   Code   RO         1296    .text.vListInitialise  list.o
    0x0800827e   0x0800827e   0x00000002   PAD
    0x08008280   0x08008280   0x00000006   Code   RO         1298    .text.vListInitialiseItem  list.o
    0x08008286   0x08008286   0x00000002   PAD
    0x08008288   0x08008288   0x00000062   Code   RO         1302    .text.vListInsert   list.o
    0x080082ea   0x080082ea   0x00000002   PAD
    0x080082ec   0x080082ec   0x0000001c   Code   RO         1300    .text.vListInsertEnd  list.o
    0x08008308   0x08008308   0x00000014   Code   RO         1663    .text.vPortEnableVFP  port.o
    0x0800831c   0x0800831c   0x00000046   Code   RO         1669    .text.vPortEnterCritical  port.o
    0x08008362   0x08008362   0x00000002   PAD
    0x08008364   0x08008364   0x0000002e   Code   RO         1671    .text.vPortExitCritical  port.o
    0x08008392   0x08008392   0x00000002   PAD
    0x08008394   0x08008394   0x000000d4   Code   RO         1633    .text.vPortFree     heap_4.o
    0x08008468   0x08008468   0x00000034   Code   RO         1661    .text.vPortSetupTimerInterrupt  port.o
    0x0800849c   0x0800849c   0x0000009e   Code   RO         1421    .text.vTaskDelay    tasks.o
    0x0800853a   0x0800853a   0x00000002   PAD
    0x0800853c   0x0800853c   0x000000cc   Code   RO         1443    .text.vTaskStartScheduler  tasks.o
    0x08008608   0x08008608   0x00000010   Code   RO         1423    .text.vTaskSuspendAll  tasks.o
    0x08008618   0x08008618   0x0000006e   Code   RO         1437    .text.vTaskSwitchContext  tasks.o
    0x08008686   0x08008686   0x00000002   PAD
    0x08008688   0x08008688   0x00000188   Code   RO         1659    .text.xPortStartScheduler  port.o
    0x08008810   0x08008810   0x00000060   Code   RO         1417    .text.xTaskCreate   tasks.o
    0x08008870   0x08008870   0x00000076   Code   RO         1411    .text.xTaskCreateStatic  tasks.o
    0x080088e6   0x080088e6   0x00000002   PAD
    0x080088e8   0x080088e8   0x00000106   Code   RO         1449    .text.xTaskIncrementTick  tasks.o
    0x080089ee   0x080089ee   0x00000002   PAD
    0x080089f0   0x080089f0   0x000000ea   Code   RO         1427    .text.xTaskResumeAll  tasks.o
    0x08008ada   0x08008ada   0x00000026   Code   RO         2304    i.__ARM_fpclassifyf  m_wm.l(fpclassifyf.o)
    0x08008b00   0x08008b00   0x0000012c   Code   RO         2203    i.__hardfp_asinf    m_wm.l(asinf.o)
    0x08008c2c   0x08008c2c   0x000002ac   Code   RO         2209    i.__hardfp_atan2f   m_wm.l(atan2f.o)
    0x08008ed8   0x08008ed8   0x0000007a   Code   RO         2215    i.__hardfp_sqrt     m_wm.l(sqrt.o)
    0x08008f52   0x08008f52   0x00000006   Code   RO         2307    i.__mathlib_flt_infnan  m_wm.l(funder.o)
    0x08008f58   0x08008f58   0x00000006   Code   RO         2308    i.__mathlib_flt_infnan2  m_wm.l(funder.o)
    0x08008f5e   0x08008f5e   0x00000002   PAD
    0x08008f60   0x08008f60   0x00000010   Code   RO         2309    i.__mathlib_flt_invalid  m_wm.l(funder.o)
    0x08008f70   0x08008f70   0x00000010   Code   RO         2312    i.__mathlib_flt_underflow  m_wm.l(funder.o)
    0x08008f80   0x08008f80   0x0000000e   Code   RO         2388    i.__scatterload_copy  mc_w.l(handlers.o)
    0x08008f8e   0x08008f8e   0x00000002   Code   RO         2389    i.__scatterload_null  mc_w.l(handlers.o)
    0x08008f90   0x08008f90   0x0000000e   Code   RO         2390    i.__scatterload_zeroinit  mc_w.l(handlers.o)
    0x08008f9e   0x08008f9e   0x00000002   PAD
    0x08008fa0   0x08008fa0   0x0000000c   Code   RO         2366    i.__set_errno       mc_w.l(errno.o)
    0x08008fac   0x08008fac   0x0000006c   Code   RO         2263    i.malloc            mc_w.l(malloc.o)
    0x08009018   0x08009018   0x0000003e   Code   RO         2322    i.sqrtf             m_wm.l(sqrtf.o)
    0x08009056   0x08009056   0x00000002   PAD
    0x08009058   0x08009058   0x0000001c   Data   RO           61    .rodata..L__const.MX_FREERTOS_Init.os_thread_def_INS_TASK  freertos.o
    0x08009074   0x08009074   0x0000001c   Data   RO           60    .rodata..L__const.MX_FREERTOS_Init.os_thread_def_defaultTask  freertos.o
    0x08009090   0x08009090   0x00000010   Data   RO         1257    .rodata.AHBPrescTable  system_stm32f4xx.o
    0x080090a0   0x080090a0   0x00000008   Data   RO         1258    .rodata.APBPrescTable  system_stm32f4xx.o
    0x080090a8   0x080090a8   0x00000008   Data   RO          484    .rodata.cst8        stm32f4xx_hal_dma.o
    0x080090b0   0x080090b0   0x00000804   Data   RO         2195    .rodata.sinTable_f32  arm_cortexM4lf_math.lib(arm_common_tables.o)
    0x080098b4   0x080098b4   0x00000050   Data   RO           59    .rodata.str1.1      freertos.o
    0x08009904   0x08009904   0x00000012   Data   RO         1966    .rodata.write_BMI088_accel_reg_data_error  bmi088driver.o
    0x08009916   0x08009916   0x00000012   Data   RO         1967    .rodata.write_BMI088_gyro_reg_data_error  bmi088driver.o
    0x08009928   0x08009928   0x00000020   Data   RO         2387    Region$$Table       anon$$obj.o


    Execution Region RW_IRAM1 (Exec base: 0x20000000, Load base: 0x08009948, Size: 0x000055a0, Max: 0x0001c000, ABSOLUTE, COMPRESSED[0x00000098])

    Exec Addr    Load Addr    Size         Type   Attr      Idx    E Section Name        Object

    0x20000000   COMPRESSED   0x00000004   Data   RW         2362    .data               mc_w.l(mvars.o)
    0x20000004   COMPRESSED   0x00000004   Data   RW         2363    .data               mc_w.l(mvars.o)
    0x20000008   COMPRESSED   0x00000004   Data   RW         2367    .data               mc_w.l(errno.o)
    0x2000000c   COMPRESSED   0x00000008   Data   RW          662    .data..L_MergedGlobals  stm32f4xx_hal.o
    0x20000014   COMPRESSED   0x00000010   Data   RW         1871    .data..L_MergedGlobals  ins_task.o
    0x20000024   COMPRESSED   0x00000078   Data   RW         1897    .data..L_MergedGlobals  balance_chair_task.o
    0x2000009c   COMPRESSED   0x00000044   Data   RW         1916    .data..L_MergedGlobals  observe_task.o
    0x200000e0   COMPRESSED   0x0000000c   Data   RW         1968    .data..L_MergedGlobals  bmi088driver.o
    0x200000ec   COMPRESSED   0x00000060   Data   RW         1898    .data..L_MergedGlobals.1  balance_chair_task.o
    0x2000014c   COMPRESSED   0x00000004   Data   RW         1256    .data.SystemCoreClock  system_stm32f4xx.o
    0x20000150   COMPRESSED   0x00000004   Data   RW         1679    .data.uxCriticalNesting  port.o
    0x20000154   COMPRESSED   0x00000004   PAD
    0x20000158        -       0x0000001c   Zero   RW           62    .bss..L_MergedGlobals  freertos.o
    0x20000174        -       0x00000078   Zero   RW         1506    .bss..L_MergedGlobals  tasks.o
    0x200001ec        -       0x00000020   Zero   RW         1644    .bss..L_MergedGlobals  heap_4.o
    0x2000020c        -       0x00000008   Zero   RW         1680    .bss..L_MergedGlobals  port.o
    0x20000214   COMPRESSED   0x00000004   PAD
    0x20000218        -       0x00000028   Zero   RW         1705    .bss..L_MergedGlobals  bsp_dwt.o
    0x20000240        -       0x0000003a   Zero   RW         1720    .bss..L_MergedGlobals  usart_rc_dbus.o
    0x2000027a   COMPRESSED   0x00000002   PAD
    0x2000027c        -       0x00000010   Zero   RW         1826    .bss..L_MergedGlobals  vmc_calc.o
    0x2000028c        -       0x00000004   Zero   RW         1851    .bss..L_MergedGlobals  kalman_filter.o
    0x20000290        -       0x00000024   Zero   RW         1872    .bss..L_MergedGlobals.1  ins_task.o
    0x200002b4        -       0x0000000c   Zero   RW         1917    .bss..L_MergedGlobals.1  observe_task.o
    0x200002c0        -       0x00000028   Zero   RW         1507    .bss..L_MergedGlobals.2  tasks.o
    0x200002e8        -       0x00000064   Zero   RW         1969    .bss..L_MergedGlobals.3  bmi088driver.o
    0x2000034c        -       0x00000004   Zero   RW         1948    .bss.BMI088_SPI     bmi088middleware.o
    0x20000350        -       0x000004ec   Zero   RW         1894    .bss.Chassis        balance_chair_task.o
    0x2000083c        -       0x00000004   Zero   RW           81    .bss.HAL_RCC_CAN1_CLK_ENABLED  can.o
    0x20000840        -       0x00000094   Zero   RW         1869    .bss.INS            ins_task.o
    0x200008d4        -       0x00000028   Zero   RW           79    .bss.hcan1          can.o
    0x200008fc        -       0x00000024   Zero   RW         1741    .bss.hcan1RxFrame   can_receive.o
    0x20000920        -       0x00000028   Zero   RW           80    .bss.hcan2          can.o
    0x20000948        -       0x00000024   Zero   RW         1742    .bss.hcan2RxFrame   can_receive.o
    0x2000096c        -       0x00000060   Zero   RW          150    .bss.hdma_uart4_rx  usart.o
    0x200009cc        -       0x00000060   Zero   RW          151    .bss.hdma_uart4_tx  usart.o
    0x20000a2c        -       0x00000060   Zero   RW          152    .bss.hdma_usart1_rx  usart.o
    0x20000a8c        -       0x00000060   Zero   RW          153    .bss.hdma_usart1_tx  usart.o
    0x20000aec        -       0x00000060   Zero   RW          154    .bss.hdma_usart6_rx  usart.o
    0x20000b4c        -       0x00000058   Zero   RW          105    .bss.hspi2          spi.o
    0x20000ba4        -       0x00000048   Zero   RW          122    .bss.htim2          tim.o
    0x20000bec        -       0x00000048   Zero   RW          223    .bss.htim3          stm32f4xx_hal_timebase_tim.o
    0x20000c34        -       0x00000048   Zero   RW          147    .bss.huart1         usart.o
    0x20000c7c        -       0x00000048   Zero   RW          148    .bss.huart2         usart.o
    0x20000cc4        -       0x00000048   Zero   RW          145    .bss.huart4         usart.o
    0x20000d0c        -       0x00000048   Zero   RW          146    .bss.huart5         usart.o
    0x20000d54        -       0x00000048   Zero   RW          149    .bss.huart6         usart.o
    0x20000d9c        -       0x00000084   Zero   RW         1868    .bss.mahony         ins_task.o
    0x20000e20        -       0x0000008c   Zero   RW         1505    .bss.pxReadyTasksLists  tasks.o
    0x20000eac        -       0x00003c00   Zero   RW         1643    .bss.ucHeap         heap_4.o
    0x20004aac        -       0x00000004   Zero   RW          661    .bss.uwTick         stm32f4xx_hal.o
    0x20004ab0        -       0x00000140   Zero   RW         1914    .bss.vaEstimateKF   observe_task.o
    0x20004bf0        -       0x000000ac   Zero   RW         1896    .bss.vmc_left       balance_chair_task.o
    0x20004c9c        -       0x000000ac   Zero   RW         1895    .bss.vmc_right      balance_chair_task.o
    0x20004d48        -       0x00000200   Zero   RW           58    .bss.xIdleStack     freertos.o
    0x20004f48        -       0x00000054   Zero   RW           57    .bss.xIdleTaskTCBBuffer  freertos.o
    0x20004f9c   COMPRESSED   0x00000004   PAD
    0x20004fa0        -       0x00000200   Zero   RW            2    HEAP                startup_stm32f407xx.o
    0x200051a0        -       0x00000400   Zero   RW            1    STACK               startup_stm32f407xx.o


    Execution Region RW_IRAM2 (Exec base: 0x2001c000, Load base: 0x080099e0, Size: 0x00000000, Max: 0x00004000, ABSOLUTE)

    **** No section assigned to this execution region ****


==============================================================================

Image component sizes


      Code (inc. data)   RO Data    RW Data    ZI Data      Debug   Object Name

      1722         20          0        216       1604       8392   balance_chair_task.o
       670        108          0          0          0      13121   bm_ctrl.o
      2824         40         36         12        100      10039   bmi088driver.o
       122          0          0          0          4       4266   bmi088middleware.o
       526          8          0          0         40       4908   bsp_dwt.o
       436          0          0          0         84       6877   can.o
       358          0          0          0         72       6376   can_receive.o
       118          0          0          0          0      24958   cmsis_os.o
       140          0          0          0          0       3516   dma.o
       304         32          0          0          0       4033   driver_task.o
       502        140        136          0        624       4396   freertos.o
       260          0          0          0          0       5710   function.o
       238          0          0          0          0       2487   gpio.o
       712          0          0          0      15392       5756   heap_4.o
       796         32          0         16        316       4440   ins_task.o
      2382          0          0          0          4       7545   kalman_filter.o
       190          0          0          0          0       2328   list.o
       748          0          0          0          0       3282   mahony_filter.o
       324          0          0          0          0       7942   main.o
       424          8          0         68        332       4794   observe_task.o
       174          0          0          0          0       2558   pid.o
       900         16          0          4          8       4351   port.o
       190          0          0          0         88       5260   spi.o
        36          8        392          0       1536        840   startup_stm32f407xx.o
       132          0          0          8          4       7308   stm32f4xx_hal.o
      1696          6          0          0          0      13831   stm32f4xx_hal_can.o
       152          0          0          0          0      10762   stm32f4xx_hal_cortex.o
       980          6          8          0          0      10739   stm32f4xx_hal_dma.o
       114          0          0          0          0       4819   stm32f4xx_hal_dma_ex.o
       440          0          0          0          0       5336   stm32f4xx_hal_gpio.o
        66          0          0          0          0       3540   stm32f4xx_hal_msp.o
      1544          0          0          0          0       7388   stm32f4xx_hal_rcc.o
      1314          0          0          0          0      26332   stm32f4xx_hal_spi.o
      1462          4          0          0          0      55577   stm32f4xx_hal_tim.o
       190          0          0          0          0      21027   stm32f4xx_hal_tim_ex.o
       188          0          0          0         72       7239   stm32f4xx_hal_timebase_tim.o
      1998          0          0          0          0      32107   stm32f4xx_hal_uart.o
       168          0          0          0          0       8152   stm32f4xx_it.o
        18          0         24          4          0       2652   system_stm32f4xx.o
      1864          8          0          0        300      28110   tasks.o
       238          0          0          0         72       6696   tim.o
      1294          0          0          0        840       8816   usart.o
       484          0          0          0         58       5248   usart_rc_dbus.o
      1782          8          0          0         16       4922   vmc_calc.o

    ----------------------------------------------------------------------
     31418        444        628        328      21580     418776   Object Totals
         0          0         32          0          0          0   (incl. Generated)
       198          0          0          0         14          0   (incl. Padding)

    ----------------------------------------------------------------------

      Code (inc. data)   RO Data    RW Data    ZI Data      Debug   Library Member Name

         0          0       2052          0          0       4961   arm_common_tables.o
       160         12          0          0          0       1103   arm_cos_f32.o
       190          0          0          0          0       1722   arm_mat_add_f32.o
         8          0          0          0          0        841   arm_mat_init_f32.o
       720          4          0          0          0       3422   arm_mat_inverse_f32.o
       316          4          0          0          0       2322   arm_mat_mult_f32.o
       190          0          0          0          0       1722   arm_mat_sub_f32.o
       178          0          0          0          0       1815   arm_mat_trans_f32.o
       152         12          0          0          0       1098   arm_sin_f32.o
       300         42          0          0          0        176   asinf.o
       684         90          0          0          0        208   atan2f.o
        38          0          0          0          0        116   fpclassifyf.o
        44         12          0          0          0        464   funder.o
       122          0          0          0          0        148   sqrt.o
        62          0          0          0          0        136   sqrtf.o
        86          0          0          0          0          0   __dczerorl2.o
        28          0          0          0          0         76   calloc.o
         0          0          0          0          0          0   entry.o
         0          0          0          0          0          0   entry10a.o
         0          0          0          0          0          0   entry11a.o
         8          4          0          0          0          0   entry2.o
         4          0          0          0          0          0   entry5.o
         0          0          0          0          0          0   entry7b.o
         0          0          0          0          0          0   entry8b.o
         8          4          0          0          0          0   entry9a.o
        12          6          0          4          0         68   errno.o
        30          0          0          0          0          0   handlers.o
        48         10          0          0          0         68   init.o
         0          0          0          0          0          0   iusefp.o
        30          0          0          0          0         68   llshl.o
        36          0          0          0          0         68   llsshr.o
        32          0          0          0          0         68   llushr.o
       108         16          0          0          0         84   malloc.o
        36          0          0          0          0         68   memcpya.o
        36          0          0          0          0        108   memseta.o
         0          0          0          8          0          0   mvars.o
        98          0          0          0          0         92   uldiv.o
        56          0          0          0          0         88   d2f.o
       334          0          0          0          0        148   dadd.o
       222          0          0          0          0        100   ddiv.o
       186          0          0          0          0        176   depilogue.o
        26          0          0          0          0         76   dfltui.o
       228          0          0          0          0         96   dmul.o
       162          0          0          0          0        100   dsqrt.o
        38          0          0          0          0         68   f2d.o
       110          0          0          0          0        168   fepilogue.o

    ----------------------------------------------------------------------
      5142        216       2052         12          0      22042   Library Totals
        16          0          0          0          0          0   (incl. Padding)

    ----------------------------------------------------------------------

      Code (inc. data)   RO Data    RW Data    ZI Data      Debug   Library Name

      1914         32       2052          0          0      19006   arm_cortexM4lf_math.lib
      1250        144          0          0          0       1248   m_wm.l
       600         40          0         12          0        768   mc_w.l
      1362          0          0          0          0       1020   mf_w.l

    ----------------------------------------------------------------------
      5142        216       2052         12          0      22042   Library Totals

    ----------------------------------------------------------------------

==============================================================================


      Code (inc. data)   RO Data    RW Data    ZI Data      Debug   

     36560        660       2680        340      21580     438518   Grand Totals
     36560        660       2680        152      21580     438518   ELF Image Totals (compressed)
     36560        660       2680        152          0          0   ROM Totals

==============================================================================

    Total RO  Size (Code + RO Data)                39240 (  38.32kB)
    Total RW  Size (RW Data + ZI Data)             21920 (  21.41kB)
    Total ROM Size (Code + RO Data + RW Data)      39392 (  38.47kB)

==============================================================================

